Component: ARM Compiler 5.05 update 1 (build 106) Tool: armlink [4d0efa]

==============================================================================

Section Cross References

    main.o(i.main) refers to system_stm32f2xx.o(i.SystemInit) for SystemInit
    main.o(i.main) refers to system_stm32f2xx.o(i.SystemCoreClockUpdate) for SystemCoreClockUpdate
    main.o(i.main) refers to app.o(i.StartTaskCreate) for StartTaskCreate
    main.o(i.main) refers to tasks.o(i.vTaskStartScheduler) for vTaskStartScheduler
    main.o(i.main) refers to system_stm32f2xx.o(.data) for SystemCoreClock
    app.o(i.StartTaskCreate) refers to tasks.o(i.xTaskGenericCreate) for xTaskGenericCreate
    app.o(i.StartTaskCreate) refers to app.o(i.vStartTask) for vStartTask
    app.o(i.StartTaskCreate) refers to rsing_beep.o(.data) for BeepTaskHandle
    app.o(i.StartTaskCreate) refers to rsing_beep.o(i.vBeepTask) for vBeepTask
    app.o(i.vMainTask) refers to tasks.o(i.xTaskGetTickCount) for xTaskGetTickCount
    app.o(i.vMainTask) refers to tasks.o(i.vTaskDelayUntil) for vTaskDelayUntil
    app.o(i.vStartTask) refers to tasks.o(i.vTaskDelay) for vTaskDelay
    app.o(i.vStartTask) refers to bsp.o(i.BSP_Init) for BSP_Init
    app.o(i.vStartTask) refers to tasks.o(i.vTaskSuspendAll) for vTaskSuspendAll
    app.o(i.vStartTask) refers to tasks.o(i.xTaskGenericCreate) for xTaskGenericCreate
    app.o(i.vStartTask) refers to tasks.o(i.xTaskResumeAll) for xTaskResumeAll
    app.o(i.vStartTask) refers to tasks.o(i.vTaskDelete) for vTaskDelete
    app.o(i.vStartTask) refers to app.o(.data) for MainTaskHandle
    app.o(i.vStartTask) refers to app.o(i.vMainTask) for vMainTask
    app.o(i.vStartTask) refers to finger.o(i.vFingerTask) for vFingerTask
    app.o(i.vStartTask) refers to default_task.o(i.vDefaultTask) for vDefaultTask
    base_fun.o(i.MyAFGPIOInit) refers to stm32f2xx_rcc.o(i.RCC_AHB1PeriphClockCmd) for RCC_AHB1PeriphClockCmd
    base_fun.o(i.MyAFGPIOInit) refers to stm32f2xx_gpio.o(i.GPIO_PinAFConfig) for GPIO_PinAFConfig
    base_fun.o(i.MyAFGPIOInit) refers to stm32f2xx_gpio.o(i.GPIO_Init) for GPIO_Init
    base_fun.o(i.MyGPIOInit) refers to stm32f2xx_rcc.o(i.RCC_AHB1PeriphClockCmd) for RCC_AHB1PeriphClockCmd
    base_fun.o(i.MyGPIOInit) refers to stm32f2xx_gpio.o(i.GPIO_Init) for GPIO_Init
    base_fun.o(i.MyNVICInit) refers to misc.o(i.NVIC_Init) for NVIC_Init
    base_fun.o(i.MyUSARTInit) refers to stm32f2xx_rcc.o(i.RCC_APB2PeriphClockCmd) for RCC_APB2PeriphClockCmd
    base_fun.o(i.MyUSARTInit) refers to stm32f2xx_rcc.o(i.RCC_APB1PeriphClockCmd) for RCC_APB1PeriphClockCmd
    base_fun.o(i.MyUSARTInit) refers to stm32f2xx_usart.o(i.USART_Init) for USART_Init
    base_fun.o(i.MyUSARTInit) refers to stm32f2xx_usart.o(i.USART_Cmd) for USART_Cmd
    bsp.o(i.BSP_Init) refers to misc.o(i.NVIC_PriorityGroupConfig) for NVIC_PriorityGroupConfig
    bsp.o(i.BSP_Init) refers to bsp.o(i.IO_Configuration) for IO_Configuration
    bsp.o(i.BSP_Init) refers to com2server.o(i.USART3_Configuration) for USART3_Configuration
    bsp.o(i.BSP_Init) refers to rtc.o(i.RTC_main) for RTC_main
    bsp.o(i.BSP_Init) refers to stm32f2xx_gpio.o(i.GPIO_ResetBits) for GPIO_ResetBits
    bsp.o(i.IO_Configuration) refers to base_fun.o(i.MyGPIOInit) for MyGPIOInit
    bsp.o(i.TIM2_init) refers to stm32f2xx_rcc.o(i.RCC_APB1PeriphClockCmd) for RCC_APB1PeriphClockCmd
    bsp.o(i.TIM2_init) refers to stm32f2xx_tim.o(i.TIM_TimeBaseInit) for TIM_TimeBaseInit
    bsp.o(i.TIM2_init) refers to stm32f2xx_tim.o(i.TIM_Cmd) for TIM_Cmd
    oled.o(i.OLED_Clear) refers to oled.o(.bss) for OLED_GRAM
    oled.o(i.OLED_Clear) refers to oled.o(.data) for OLED_GRAM_LINE_SIZE
    oled.o(i.OLED_Display_Off) refers to oled.o(i.OLED_WR_Byte) for OLED_WR_Byte
    oled.o(i.OLED_Display_On) refers to oled.o(i.OLED_WR_Byte) for OLED_WR_Byte
    oled.o(i.OLED_DrawPoint) refers to oled.o(.bss) for OLED_GRAM
    oled.o(i.OLED_Fill) refers to oled.o(i.OLED_DrawPoint) for OLED_DrawPoint
    oled.o(i.OLED_Fill) refers to oled.o(i.OLED_Refresh_Gram) for OLED_Refresh_Gram
    oled.o(i.OLED_Init) refers to base_fun.o(i.MyGPIOInit) for MyGPIOInit
    oled.o(i.OLED_Init) refers to stm32f2xx_gpio.o(i.GPIO_ResetBits) for GPIO_ResetBits
    oled.o(i.OLED_Init) refers to base_fun.o(i.delay_ms) for delay_ms
    oled.o(i.OLED_Init) refers to stm32f2xx_gpio.o(i.GPIO_SetBits) for GPIO_SetBits
    oled.o(i.OLED_Init) refers to oled.o(i.OLED_WR_Byte) for OLED_WR_Byte
    oled.o(i.OLED_Init) refers to oled.o(i.OLED_Clear) for OLED_Clear
    oled.o(i.OLED_Refresh_Gram) refers to oled.o(i.OLED_WR_Byte) for OLED_WR_Byte
    oled.o(i.OLED_Refresh_Gram) refers to oled.o(.data) for OLED_GRAM_LINE_SIZE
    oled.o(i.OLED_Refresh_Gram) refers to oled.o(.bss) for OLED_GRAM
    oled.o(i.OLED_ShowAst) refers to oled.o(i.OLED_ShowChar) for OLED_ShowChar
    oled.o(i.OLED_ShowChar) refers to oled.o(i.OLED_DrawPoint) for OLED_DrawPoint
    oled.o(i.OLED_ShowChar) refers to oled.o(.constdata) for asc2_1206
[...]
    i.RTC_SetTime                            0x08001c88   Section        0  stm32f2xx_rtc.o(i.RTC_SetTime)
    i.RTC_SetWakeUpCounter                   0x08001d48   Section        0  stm32f2xx_rtc.o(i.RTC_SetWakeUpCounter)
    i.RTC_WKUP_IRQHandler                    0x08001d64   Section        0  rtc.o(i.RTC_WKUP_IRQHandler)
    i.RTC_WaitForSynchro                     0x08001da4   Section        0  stm32f2xx_rtc.o(i.RTC_WaitForSynchro)
    i.RTC_WakeUpClockConfig                  0x08001e04   Section        0  stm32f2xx_rtc.o(i.RTC_WakeUpClockConfig)
    i.RTC_WakeUpCmd                          0x08001e34   Section        0  stm32f2xx_rtc.o(i.RTC_WakeUpCmd)
    i.RTC_WriteBackupRegister                0x08001eac   Section        0  stm32f2xx_rtc.o(i.RTC_WriteBackupRegister)
    i.RTC_main                               0x08001ec8   Section        0  rtc.o(i.RTC_main)
    i.RegisterShow                           0x08001f50   Section        0  display_task.o(i.RegisterShow)
    i.SetSysClock                            0x08002610   Section        0  system_stm32f2xx.o(i.SetSysClock)
    SetSysClock                              0x08002611   Thumb Code   192  system_stm32f2xx.o(i.SetSysClock)
    i.StartTaskCreate                        0x080026dc   Section        0  app.o(i.StartTaskCreate)
    i.SysTick_Handler                        0x08002730   Section        0  port.o(i.SysTick_Handler)
    i.SystemCoreClockUpdate                  0x08002764   Section        0  system_stm32f2xx.o(i.SystemCoreClockUpdate)
    i.SystemInit                             0x08002824   Section        0  system_stm32f2xx.o(i.SystemInit)
    i.TIM7_IRQHandler                        0x08002880   Section        0  com2server.o(i.TIM7_IRQHandler)
    i.TIM_GetITStatus                        0x080028cc   Section        0  stm32f2xx_tim.o(i.TIM_GetITStatus)
    i.TSM_ReadOneByte                        0x080028ee   Section        0  rsing_i2c.o(i.TSM_ReadOneByte)
    i.TSM_Write_2Byte                        0x0800294e   Section        0  rsing_i2c.o(i.TSM_Write_2Byte)
    i.TSM_Write_Byte                         0x080029a2   Section        0  rsing_i2c.o(i.TSM_Write_Byte)
    i.TimeShow                               0x080029b4   Section        0  display_task.o(i.TimeShow)
    i.USART1_IRQHandler                      0x08002a70   Section        0  com2server.o(i.USART1_IRQHandler)
    i.USART3_Configuration                   0x08002b40   Section        0  com2server.o(i.USART3_Configuration)
    i.USART3_IRQHandler                      0x08002ca4   Section        0  com2server.o(i.USART3_IRQHandler)
    i.USART_ClearITPendingBit                0x08002d78   Section        0  stm32f2xx_usart.o(i.USART_ClearITPendingBit)
    i.USART_Cmd                              0x08002d96   Section        0  stm32f2xx_usart.o(i.USART_Cmd)
    i.USART_DMACmd                           0x08002dae   Section        0  stm32f2xx_usart.o(i.USART_DMACmd)
    i.USART_DeInit                           0x08002dc0   Section        0  stm32f2xx_usart.o(i.USART_DeInit)
    i.USART_ITConfig                         0x08002e74   Section        0  stm32f2xx_usart.o(i.USART_ITConfig)
    i.USART_Init                             0x08002ec0   Section        0  stm32f2xx_usart.o(i.USART_Init)
    i.UsageFault_Handler                     0x08002f94   Section        0  stm32f2xx_it.o(i.UsageFault_Handler)
    i.calcSum                                0x08002f98   Section        0  com2server.o(i.calcSum)
    i.checkInterrupt                         0x08002fc8   Section        0  display_task.o(i.checkInterrupt)
    i.checkSum                               0x08002fe0   Section        0  com2server.o(i.checkSum)
    i.delay_ms                               0x08003026   Section        0  base_fun.o(i.delay_ms)
    i.delete_all_model                       0x08003044   Section        0  com2server.o(i.delete_all_model)
    i.delete_from_flash_and_dev              0x0800312c   Section        0  display_task.o(i.delete_from_flash_and_dev)
    i.delete_model                           0x0800317c   Section        0  com2server.o(i.delete_model)
    i.getKeyNumber                           0x0800326c   Section        0  display_task.o(i.getKeyNumber)
    i.getPassportNumber                      0x0800334c   Section        0  display_task.o(i.getPassportNumber)
    i.getPassportNumberOrFinger              0x080034a4   Section        0  display_task.o(i.getPassportNumberOrFinger)
    i.getStarAndPound                        0x08003644   Section        0  display_task.o(i.getStarAndPound)
    i.identification                         0x080036c0   Section        0  com2server.o(i.identification)
    i.list_one_member                        0x080037e0   Section        0  display_task.o(i.list_one_member)
    i.main                                   0x08003818   Section        0  main.o(i.main)
    i.manager_info_identify                  0x08003848   Section        0  display_task.o(i.manager_info_identify)
    i.member_finger_info_add                 0x08003960   Section        0  display_task.o(i.member_finger_info_add)
    i.member_finger_info_delete              0x08003ee4   Section        0  display_task.o(i.member_finger_info_delete)
    i.member_info_add                        0x080042ac   Section        0  display_task.o(i.member_info_add)
    i.member_info_delete                     0x080042c0   Section        0  display_task.o(i.member_info_delete)
    i.member_info_delete_all                 0x080043c0   Section        0  display_task.o(i.member_info_delete_all)
    i.member_info_delete_single              0x080044b8   Section        0  display_task.o(i.member_info_delete_single)
    i.menu_display                           0x080044cc   Section        0  display_task.o(i.menu_display)
    i.menu_modify_display                    0x08004674   Section        0  display_task.o(i.menu_modify_display)
    i.modeling                               0x0800476c   Section        0  com2server.o(i.modeling)
    i.modeling_complete                      0x08004880   Section        0  com2server.o(i.modeling_complete)
    i.modify_finger_info                     0x080049a0   Section        0  display_task.o(i.modify_finger_info)
    i.modify_passport                        0x08004f34   Section        0  display_task.o(i.modify_passport)
    i.mypow                                  0x080050f0   Section        0  oled.o(i.mypow)
    i.open_dev                               0x08005108   Section        0  com2server.o(i.open_dev)
    i.passwordCmp                            0x080051f0   Section        0  display_task.o(i.passwordCmp)
    i.passwordCpy                            0x08005212   Section        0  display_task.o(i.passwordCpy)
    i.prvAddCurrentTaskToDelayedList         0x08005228   Section        0  tasks.o(i.prvAddCurrentTaskToDelayedList)
    prvAddCurrentTaskToDelayedList           0x08005229   Thumb Code    62  tasks.o(i.prvAddCurrentTaskToDelayedList)
    i.prvAllocateTCBAndStack                 0x0800527c   Section        0  tasks.o(i.prvAllocateTCBAndStack)
    prvAllocateTCBAndStack                   0x0800527d   Thumb Code    54  tasks.o(i.prvAllocateTCBAndStack)
    i.prvCheckTasksWaitingTermination        0x080052b4   Section        0  tasks.o(i.prvCheckTasksWaitingTermination)
    prvCheckTasksWaitingTermination          0x080052b5   Thumb Code    86  tasks.o(i.prvCheckTasksWaitingTermination)
    i.prvDeleteTCB                           0x08005318   Section        0  tasks.o(i.prvDeleteTCB)
    prvDeleteTCB                             0x08005319   Thumb Code    18  tasks.o(i.prvDeleteTCB)
    i.prvHeapInit                            0x0800532c   Section        0  heap_2.o(i.prvHeapInit)
    prvHeapInit                              0x0800532d   Thumb Code    42  heap_2.o(i.prvHeapInit)
    i.prvIdleTask                            0x08005364   Section        0  tasks.o(i.prvIdleTask)
    prvIdleTask                              0x08005365   Thumb Code    32  tasks.o(i.prvIdleTask)
    i.prvInitialiseTCBVariables              0x0800538c   Section        0  tasks.o(i.prvInitialiseTCBVariables)
    prvInitialiseTCBVariables                0x0800538d   Thumb Code    92  tasks.o(i.prvInitialiseTCBVariables)
    i.prvInitialiseTaskLists                 0x080053e8   Section        0  tasks.o(i.prvInitialiseTaskLists)
    prvInitialiseTaskLists                   0x080053e9   Thumb Code    70  tasks.o(i.prvInitialiseTaskLists)
    i.prvResetNextTaskUnblockTime            0x08005450   Section        0  tasks.o(i.prvResetNextTaskUnblockTime)
    prvResetNextTaskUnblockTime              0x08005451   Thumb Code    42  tasks.o(i.prvResetNextTaskUnblockTime)
    i.prvTaskExitError                       0x08005484   Section        0  port.o(i.prvTaskExitError)
    prvTaskExitError                         0x08005485   Thumb Code    60  port.o(i.prvTaskExitError)
    i.prvTaskIsTaskSuspended                 0x080054c4   Section        0  tasks.o(i.prvTaskIsTaskSuspended)
    prvTaskIsTaskSuspended                   0x080054c5   Thumb Code    80  tasks.o(i.prvTaskIsTaskSuspended)
    i.pvPortMalloc                           0x0800551c   Section        0  heap_2.o(i.pvPortMalloc)
    i.pxPortInitialiseStack                  0x080055d4   Section        0  port.o(i.pxPortInitialiseStack)
    i.readRegInfoFromFlash                   0x080055f4   Section        0  flash_task.o(i.readRegInfoFromFlash)
    i.returnTodefault                        0x0800568c   Section        0  display_task.o(i.returnTodefault)
    i.uxListRemove                           0x080056d0   Section        0  list.o(i.uxListRemove)
    i.vBeepTask                              0x080056f8   Section        0  rsing_beep.o(i.vBeepTask)
    i.vDefaultTask                           0x08005754   Section        0  default_task.o(i.vDefaultTask)
    i.vDisplayTask                           0x080057c4   Section        0  display_task.o(i.vDisplayTask)
    i.vFingerTask                            0x080057e4   Section        0  finger.o(i.vFingerTask)
    i.vKeyTask                               0x080059bc   Section        0  display_task.o(i.vKeyTask)
    i.vListInitialise                        0x080059fc   Section        0  list.o(i.vListInitialise)
    i.vListInitialiseItem                    0x08005a16   Section        0  list.o(i.vListInitialiseItem)
    i.vListInsert                            0x08005a1c   Section        0  list.o(i.vListInsert)
    i.vListInsertEnd                         0x08005a50   Section        0  list.o(i.vListInsertEnd)
    i.vMainTask                              0x08005a68   Section        0  app.o(i.vMainTask)
    i.vPortEnterCritical                     0x08005a80   Section        0  port.o(i.vPortEnterCritical)
    i.vPortExitCritical                      0x08005adc   Section        0  port.o(i.vPortExitCritical)
    i.vPortFree                              0x08005b18   Section        0  heap_2.o(i.vPortFree)
    i.vPortSetupTimerInterrupt               0x08005b58   Section        0  port.o(i.vPortSetupTimerInterrupt)
    i.vStartTask                             0x08005b6c   Section        0  app.o(i.vStartTask)
    vStartTask                               0x08005b6d   Thumb Code   116  app.o(i.vStartTask)
    i.vTaskDelay                             0x08005c08   Section        0  tasks.o(i.vTaskDelay)
    i.vTaskDelayUntil                        0x08005c94   Section        0  tasks.o(i.vTaskDelayUntil)
    i.vTaskDelete                            0x08005d90   Section        0  tasks.o(i.vTaskDelete)
    i.vTaskResume                            0x08005e70   Section        0  tasks.o(i.vTaskResume)
    i.vTaskStartScheduler                    0x08005f04   Section        0  tasks.o(i.vTaskStartScheduler)
    i.vTaskSuspend                           0x08005f74   Section        0  tasks.o(i.vTaskSuspend)
    i.vTaskSuspendAll                        0x0800605c   Section        0  tasks.o(i.vTaskSuspendAll)
    i.vTaskSwitchContext                     0x0800606c   Section        0  tasks.o(i.vTaskSwitchContext)
    i.vUiTask                                0x080060f8   Section        0  display_task.o(i.vUiTask)
    i.writeRegInfoToFlash                    0x08006168   Section        0  flash_task.o(i.writeRegInfoToFlash)
    i.xPortStartScheduler                    0x08006268   Section        0  port.o(i.xPortStartScheduler)
    i.xTaskGenericCreate                     0x08006308   Section        0  tasks.o(i.xTaskGenericCreate)
    i.xTaskGetTickCount                      0x08006474   Section        0  tasks.o(i.xTaskGetTickCount)
    i.xTaskIncrementTick                     0x08006480   Section        0  tasks.o(i.xTaskIncrementTick)
    i.xTaskResumeAll                         0x080065cc   Section        0  tasks.o(i.xTaskResumeAll)
    .constdata                               0x080066d0   Section    221700  oled.o(.constdata)
    .data                                    0x20000000   Section       28  app.o(.data)
    .data                                    0x2000001c   Section       16  oled.o(.data)
    .data                                    0x2000002c   Section       17  com2server.o(.data)
    come_data                                0x2000003b   Data           1  com2server.o(.data)
    come_data                                0x2000003c   Data           1  com2server.o(.data)
    .data                                    0x20000040   Section       28  rtc.o(.data)
    .data                                    0x2000005c   Section        4  rsing_i2c.o(.data)
    .data                                    0x20000060   Section       28  finger.o(.data)
    .data                                    0x2000007c   Section       66  display_task.o(.data)
    .data                                    0x200000c0   Section        8  flash_task.o(.data)
    .data                                    0x200000c8   Section        7  rsing_beep.o(.data)
    BuzzerTime                               0x200000cc   Data           1  rsing_beep.o(.data)
    BuzzerOnTime                             0x200000cd   Data           1  rsing_beep.o(.data)
    BuzzerOffTime                            0x200000ce   Data           1  rsing_beep.o(.data)
    .data                                    0x200000d0   Section        3  default_task.o(.data)
    .data                                    0x200000d3   Section       16  stm32f2xx_rcc.o(.data)
    APBAHBPrescTable                         0x200000d3   Data          16  stm32f2xx_rcc.o(.data)
    .data                                    0x200000e4   Section       56  tasks.o(.data)
    pxDelayedTaskList                        0x200000e8   Data           4  tasks.o(.data)
    pxOverflowDelayedTaskList                0x200000ec   Data           4  tasks.o(.data)
    uxTasksDeleted                           0x200000f0   Data           4  tasks.o(.data)
    uxCurrentNumberOfTasks                   0x200000f4   Data           4  tasks.o(.data)
    xTickCount                               0x200000f8   Data           4  tasks.o(.data)
    uxTopReadyPriority                       0x200000fc   Data           4  tasks.o(.data)
    xSchedulerRunning                        0x20000100   Data           4  tasks.o(.data)
    uxPendedTicks                            0x20000104   Data           4  tasks.o(.data)
    xYieldPending                            0x20000108   Data           4  tasks.o(.data)
    xNumOfOverflows                          0x2000010c   Data           4  tasks.o(.data)
    uxTaskNumber                             0x20000110   Data           4  tasks.o(.data)
    xNextTaskUnblockTime                     0x20000114   Data           4  tasks.o(.data)
    uxSchedulerSuspended                     0x20000118   Data           4  tasks.o(.data)
    .data                                    0x2000011c   Section       24  heap_2.o(.data)
    xStart                                   0x2000011c   Data           8  heap_2.o(.data)
    xEnd                                     0x20000124   Data           8  heap_2.o(.data)
    xFreeBytesRemaining                      0x2000012c   Data           4  heap_2.o(.data)
    xHeapHasBeenInitialised                  0x20000130   Data           4  heap_2.o(.data)
    .data                                    0x20000134   Section       12  port.o(.data)
    uxCriticalNesting                        0x20000134   Data           4  port.o(.data)
    ucMaxSysCallPriority                     0x20000138   Data           1  port.o(.data)
    ulMaxPRIGROUPValue                       0x2000013c   Data           4  port.o(.data)
    .data                                    0x20000140   Section       20  system_stm32f2xx.o(.data)
    .bss                                     0x20000154   Section     2048  oled.o(.bss)
    .bss                                     0x20000954   Section      136  com2server.o(.bss)
    .bss                                     0x200009dc   Section       12  rtc.o(.bss)
    .bss                                     0x200009e8   Section      400  finger.o(.bss)
    .bss                                     0x20000b78   Section      200  tasks.o(.bss)
    pxReadyTasksLists                        0x20000b78   Data         100  tasks.o(.bss)
    xDelayedTaskList1                        0x20000bdc   Data          20  tasks.o(.bss)
    xDelayedTaskList2                        0x20000bf0   Data          20  tasks.o(.bss)
    xPendingReadyList                        0x20000c04   Data          20  tasks.o(.bss)
    xTasksWaitingTermination                 0x20000c18   Data          20  tasks.o(.bss)
    xSuspendedTaskList                       0x20000c2c   Data          20  tasks.o(.bss)
    .bss                                     0x20000c40   Section    17408  heap_2.o(.bss)
    ucHeap                                   0x20000c40   Data       17408  heap_2.o(.bss)
    .bss                                     0x20005040   Section       96  libspace.o(.bss)
    HEAP                                     0x200050a0   Section      512  startup_stm32f2xx.o(HEAP)
    Heap_Mem                                 0x200050a0   Data         512  startup_stm32f2xx.o(HEAP)
    STACK                                    0x200052a0   Section     1024  startup_stm32f2xx.o(STACK)
    Stack_Mem                                0x200052a0   Data        1024  startup_stm32f2xx.o(STACK)
    __initial_sp                             0x200056a0   Data           0  startup_stm32f2xx.o(STACK)

    Global Symbols

    Symbol Name                              Value     Ov Type        Size  Object(Section)

    BuildAttributes$$THM_ISAv4$P$D$K$B$S$PE$A:L22UL41UL21$X:L11$S22US41US21$IEEE1$IW$USESV6$~STKCKD$USESV7$~SHL$OSPACE$ROPI$EBA8$UX$STANDARDLIB$REQ8$PRES8$EABIv2 0x00000000   Number         0  anon$$obj.o ABSOLUTE
    __ARM_use_no_argv                        0x00000000   Number         0  main.o ABSOLUTE
    __ARM_exceptions_init                     - Undefined Weak Reference
    __alloca_initialize                       - Undefined Weak Reference
    __arm_preinit_                            - Undefined Weak Reference
    __cpp_initialize__aeabi_                  - Undefined Weak Reference
    __cxa_finalize                            - Undefined Weak Reference
    __rt_locale                               - Undefined Weak Reference
    __sigvec_lookup                           - Undefined Weak Reference
    _atexit_init                              - Undefined Weak Reference
    _call_atexit_fns                          - Undefined Weak Reference
    _clock_init                               - Undefined Weak Reference
    _fp_trap_init                             - Undefined Weak Reference
    _fp_trap_shutdown                         - Undefined Weak Reference
    _get_lc_collate                           - Undefined Weak Reference
    _get_lc_ctype                             - Undefined Weak Reference
    _get_lc_monetary                          - Undefined Weak Reference
    _get_lc_numeric                           - Undefined Weak Reference
    _get_lc_time                              - Undefined Weak Reference
    _getenv_init                              - Undefined Weak Reference
    _handle_redirection                       - Undefined Weak Reference
    _init_alloc                               - Undefined Weak Reference
    _init_user_alloc                          - Undefined Weak Reference
    _initio                                   - Undefined Weak Reference
    _rand_init                                - Undefined Weak Reference
    _signal_finish                            - Undefined Weak Reference
    _signal_init                              - Undefined Weak Reference
    _terminate_alloc                          - Undefined Weak Reference
    _terminate_user_alloc                     - Undefined Weak Reference
    _terminateio                              - Undefined Weak Reference
    __Vectors_Size                           0x00000184   Number         0  startup_stm32f2xx.o ABSOLUTE
    __Vectors                                0x08000000   Data           4  startup_stm32f2xx.o(RESET)
    __Vectors_End                            0x08000184   Data           0  startup_stm32f2xx.o(RESET)
    __main                                   0x08000185   Thumb Code     8  __main.o(!!!main)
    __scatterload                            0x0800018d   Thumb Code     0  __scatter.o(!!!scatter)
    __scatterload_rt2                        0x0800018d   Thumb Code    44  __scatter.o(!!!scatter)
    __scatterload_rt2_thumb_only             0x0800018d   Thumb Code     0  __scatter.o(!!!scatter)
    __scatterload_null                       0x0800019b   Thumb Code     0  __scatter.o(!!!scatter)
    __decompress                             0x080001c1   Thumb Code    90  __dczerorl2.o(!!dczerorl2)
    __decompress1                            0x080001c1   Thumb Code     0  __dczerorl2.o(!!dczerorl2)
    __scatterload_zeroinit                   0x0800021d   Thumb Code    28  __scatter_zi.o(!!handler_zi)
    __rt_lib_init                            0x08000239   Thumb Code     0  libinit.o(.ARM.Collect$$libinit$$00000000)
    __rt_lib_init_alloca_1                   0x0800023b   Thumb Code     0  libinit2.o(.ARM.Collect$$libinit$$0000002E)
    __rt_lib_init_argv_1                     0x0800023b   Thumb Code     0  libinit2.o(.ARM.Collect$$libinit$$0000002C)
    __rt_lib_init_atexit_1                   0x0800023b   Thumb Code     0  libinit2.o(.ARM.Collect$$libinit$$0000001B)
    __rt_lib_init_clock_1                    0x0800023b   Thumb Code     0  libinit2.o(.ARM.Collect$$libinit$$00000021)
    __rt_lib_init_cpp_1                      0x0800023b   Thumb Code     0  libinit2.o(.ARM.Collect$$libinit$$00000032)
    __rt_lib_init_exceptions_1               0x0800023b   Thumb Code     0  libinit2.o(.ARM.Collect$$libinit$$00000030)
    __rt_lib_init_fp_1                       0x0800023b   Thumb Code     0  libinit2.o(.ARM.Collect$$libinit$$00000002)
    __rt_lib_init_fp_trap_1                  0x0800023b   Thumb Code     0  libinit2.o(.ARM.Collect$$libinit$$0000001F)
    __rt_lib_init_getenv_1                   0x0800023b   Thumb Code     0  libinit2.o(.ARM.Collect$$libinit$$00000023)
    __rt_lib_init_heap_1                     0x0800023b   Thumb Code     0  libinit2.o(.ARM.Collect$$libinit$$0000000A)
    __rt_lib_init_lc_collate_1               0x0800023b   Thumb Code     0  libinit2.o(.ARM.Collect$$libinit$$00000011)
    __rt_lib_init_lc_ctype_1                 0x0800023b   Thumb Code     0  libinit2.o(.ARM.Collect$$libinit$$00000013)
    __rt_lib_init_lc_monetary_1              0x0800023b   Thumb Code     0  libinit2.o(.ARM.Collect$$libinit$$00000015)
    __rt_lib_init_lc_numeric_1               0x0800023b   Thumb Code     0  libinit2.o(.ARM.Collect$$libinit$$00000017)
    __rt_lib_init_lc_time_1                  0x0800023b   Thumb Code     0  libinit2.o(.ARM.Collect$$libinit$$00000019)
    __rt_lib_init_preinit_1                  0x0800023b   Thumb Code     0  libinit2.o(.ARM.Collect$$libinit$$00000004)
    __rt_lib_init_rand_1                     0x0800023b   Thumb Code     0  libinit2.o(.ARM.Collect$$libinit$$0000000E)
    __rt_lib_init_return                     0x0800023b   Thumb Code     0  libinit2.o(.ARM.Collect$$libinit$$00000033)
    __rt_lib_init_signal_1                   0x0800023b   Thumb Code     0  libinit2.o(.ARM.Collect$$libinit$$0000001D)
    __rt_lib_init_stdio_1                    0x0800023b   Thumb Code     0  libinit2.o(.ARM.Collect$$libinit$$00000025)
    __rt_lib_init_user_alloc_1               0x0800023b   Thumb Code     0  libinit2.o(.ARM.Collect$$libinit$$0000000C)
    __rt_lib_shutdown                        0x0800023d   Thumb Code     0  libshutdown.o(.ARM.Collect$$libshutdown$$00000000)
    __rt_lib_shutdown_fp_trap_1              0x0800023f   Thumb Code     0  libshutdown2.o(.ARM.Collect$$libshutdown$$00000006)
    __rt_lib_shutdown_heap_1                 0x0800023f   Thumb Code     0  libshutdown2.o(.ARM.Collect$$libshutdown$$0000000E)
    __rt_lib_shutdown_return                 0x0800023f   Thumb Code     0  libshutdown2.o(.ARM.Collect$$libshutdown$$0000000F)
    __rt_lib_shutdown_signal_1               0x0800023f   Thumb Code     0  libshutdown2.o(.ARM.Collect$$libshutdown$$00000009)
    __rt_lib_shutdown_stdio_1                0x0800023f   Thumb Code     0  libshutdown2.o(.ARM.Collect$$libshutdown$$00000003)
    __rt_lib_shutdown_user_alloc_1           0x0800023f   Thumb Code     0  libshutdown2.o(.ARM.Collect$$libshutdown$$0000000B)
    __rt_entry                               0x08000241   Thumb Code     0  __rtentry.o(.ARM.Collect$$rtentry$$00000000)
    __rt_entry_presh_1                       0x08000241   Thumb Code     0  __rtentry2.o(.ARM.Collect$$rtentry$$00000002)
    __rt_entry_sh                            0x08000241   Thumb Code     0  __rtentry4.o(.ARM.Collect$$rtentry$$00000004)
    __rt_entry_li                            0x08000247   Thumb Code     0  __rtentry2.o(.ARM.Collect$$rtentry$$0000000A)
    __rt_entry_postsh_1                      0x08000247   Thumb Code     0  __rtentry2.o(.ARM.Collect$$rtentry$$00000009)
    __rt_entry_main                          0x0800024b   Thumb Code     0  __rtentry2.o(.ARM.Collect$$rtentry$$0000000D)
    __rt_entry_postli_1                      0x0800024b   Thumb Code     0  __rtentry2.o(.ARM.Collect$$rtentry$$0000000C)
    __rt_exit                                0x08000253   Thumb Code     0  rtexit.o(.ARM.Collect$$rtexit$$00000000)
    __rt_exit_ls                             0x08000255   Thumb Code     0  rtexit2.o(.ARM.Collect$$rtexit$$00000003)
    __rt_exit_prels_1                        0x08000255   Thumb Code     0  rtexit2.o(.ARM.Collect$$rtexit$$00000002)
    __rt_exit_exit                           0x08000259   Thumb Code     0  rtexit2.o(.ARM.Collect$$rtexit$$00000004)
    SVC_Handler                              0x08000261   Thumb Code    32  port.o(.emb_text)
    __asm___6_port_c_39a90d8d__prvStartFirstTask 0x08000285   Thumb Code    28  port.o(.emb_text)
    PendSV_Handler                           0x080002a5   Thumb Code    64  port.o(.emb_text)
    ulPortSetInterruptMask                   0x080002e9   Thumb Code    14  port.o(.emb_text)
    vPortClearInterruptMask                  0x080002f7   Thumb Code     6  port.o(.emb_text)
    vPortGetIPSR                             0x080002fd   Thumb Code     6  port.o(.emb_text)
    Reset_Handler                            0x08000305   Thumb Code     8  startup_stm32f2xx.o(.text)
    ADC_IRQHandler                           0x0800031f   Thumb Code     0  startup_stm32f2xx.o(.text)
    CAN1_RX0_IRQHandler                      0x0800031f   Thumb Code     0  startup_stm32f2xx.o(.text)
    CAN1_RX1_IRQHandler                      0x0800031f   Thumb Code     0  startup_stm32f2xx.o(.text)
    CAN1_SCE_IRQHandler                      0x0800031f   Thumb Code     0  startup_stm32f2xx.o(.text)
    CAN1_TX_IRQHandler                       0x0800031f   Thumb Code     0  startup_stm32f2xx.o(.text)
    CAN2_RX0_IRQHandler                      0x0800031f   Thumb Code     0  startup_stm32f2xx.o(.text)
    CAN2_RX1_IRQHandler                      0x0800031f   Thumb Code     0  startup_stm32f2xx.o(.text)
    CAN2_SCE_IRQHandler                      0x0800031f   Thumb Code     0  startup_stm32f2xx.o(.text)
    CAN2_TX_IRQHandler                       0x0800031f   Thumb Code     0  startup_stm32f2xx.o(.text)
    CRYP_IRQHandler                          0x0800031f   Thumb Code     0  startup_stm32f2xx.o(.text)
    DCMI_IRQHandler                          0x0800031f   Thumb Code     0  startup_stm32f2xx.o(.text)
    DMA1_Stream0_IRQHandler                  0x0800031f   Thumb Code     0  startup_stm32f2xx.o(.text)
    DMA1_Stream1_IRQHandler                  0x0800031f   Thumb Code     0  startup_stm32f2xx.o(.text)
    DMA1_Stream2_IRQHandler                  0x0800031f   Thumb Code     0  startup_stm32f2xx.o(.text)
    DMA1_Stream4_IRQHandler                  0x0800031f   Thumb Code     0  startup_stm32f2xx.o(.text)
    DMA1_Stream5_IRQHandler                  0x0800031f   Thumb Code     0  startup_stm32f2xx.o(.text)
    DMA1_Stream6_IRQHandler                  0x0800031f   Thumb Code     0  startup_stm32f2xx.o(.text)
    DMA1_Stream7_IRQHandler                  0x0800031f   Thumb Code     0  startup_stm32f2xx.o(.text)
    DMA2_Stream0_IRQHandler                  0x0800031f   Thumb Code     0  startup_stm32f2xx.o(.text)
    DMA2_Stream1_IRQHandler                  0x0800031f   Thumb Code     0  startup_stm32f2xx.o(.text)
    DMA2_Stream2_IRQHandler                  0x0800031f   Thumb Code     0  startup_stm32f2xx.o(.text)
    DMA2_Stream3_IRQHandler                  0x0800031f   Thumb Code     0  startup_stm32f2xx.o(.text)
    DMA2_Stream4_IRQHandler                  0x0800031f   Thumb Code     0  startup_stm32f2xx.o(.text)
    DMA2_Stream5_IRQHandler                  0x0800031f   Thumb Code     0  startup_stm32f2xx.o(.text)
    DMA2_Stream6_IRQHandler                  0x0800031f   Thumb Code     0  startup_stm32f2xx.o(.text)
    ETH_IRQHandler                           0x0800031f   Thumb Code     0  startup_stm32f2xx.o(.text)
    ETH_WKUP_IRQHandler                      0x0800031f   Thumb Code     0  startup_stm32f2xx.o(.text)
    EXTI0_IRQHandler                         0x0800031f   Thumb Code     0  startup_stm32f2xx.o(.text)
    EXTI15_10_IRQHandler                     0x0800031f   Thumb Code     0  startup_stm32f2xx.o(.text)
    EXTI1_IRQHandler                         0x0800031f   Thumb Code     0  startup_stm32f2xx.o(.text)
    EXTI2_IRQHandler                         0x0800031f   Thumb Code     0  startup_stm32f2xx.o(.text)
    EXTI3_IRQHandler                         0x0800031f   Thumb Code     0  startup_stm32f2xx.o(.text)
    EXTI4_IRQHandler                         0x0800031f   Thumb Code     0  startup_stm32f2xx.o(.text)
    EXTI9_5_IRQHandler                       0x0800031f   Thumb Code     0  startup_stm32f2xx.o(.text)
    FLASH_IRQHandler                         0x0800031f   Thumb Code     0  startup_stm32f2xx.o(.text)
    FSMC_IRQHandler                          0x0800031f   Thumb Code     0  startup_stm32f2xx.o(.text)
    HASH_RNG_IRQHandler                      0x0800031f   Thumb Code     0  startup_stm32f2xx.o(.text)
    I2C1_ER_IRQHandler                       0x0800031f   Thumb Code     0  startup_stm32f2xx.o(.text)
    I2C1_EV_IRQHandler                       0x0800031f   Thumb Code     0  startup_stm32f2xx.o(.text)
    I2C2_ER_IRQHandler                       0x0800031f   Thumb Code     0  startup_stm32f2xx.o(.text)
    I2C2_EV_IRQHandler                       0x0800031f   Thumb Code     0  startup_stm32f2xx.o(.text)
    I2C3_ER_IRQHandler                       0x0800031f   Thumb Code     0  startup_stm32f2xx.o(.text)
    I2C3_EV_IRQHandler                       0x0800031f   Thumb Code     0  startup_stm32f2xx.o(.text)
    OTG_FS_IRQHandler                        0x0800031f   Thumb Code     0  startup_stm32f2xx.o(.text)
    OTG_FS_WKUP_IRQHandler                   0x0800031f   Thumb Code     0  startup_stm32f2xx.o(.text)
    OTG_HS_EP1_IN_IRQHandler                 0x0800031f   Thumb Code     0  startup_stm32f2xx.o(.text)
    OTG_HS_EP1_OUT_IRQHandler                0x0800031f   Thumb Code     0  startup_stm32f2xx.o(.text)
    OTG_HS_IRQHandler                        0x0800031f   Thumb Code     0  startup_stm32f2xx.o(.text)
    OTG_HS_WKUP_IRQHandler                   0x0800031f   Thumb Code     0  startup_stm32f2xx.o(.text)
    PVD_IRQHandler                           0x0800031f   Thumb Code     0  startup_stm32f2xx.o(.text)
    RCC_IRQHandler                           0x0800031f   Thumb Code     0  startup_stm32f2xx.o(.text)
    RTC_Alarm_IRQHandler                     0x0800031f   Thumb Code     0  startup_stm32f2xx.o(.text)
    SDIO_IRQHandler                          0x0800031f   Thumb Code     0  startup_stm32f2xx.o(.text)
    SPI1_IRQHandler                          0x0800031f   Thumb Code     0  startup_stm32f2xx.o(.text)
    SPI2_IRQHandler                          0x0800031f   Thumb Code     0  startup_stm32f2xx.o(.text)
    SPI3_IRQHandler                          0x0800031f   Thumb Code     0  startup_stm32f2xx.o(.text)
    TAMP_STAMP_IRQHandler                    0x0800031f   Thumb Code     0  startup_stm32f2xx.o(.text)
    TIM1_BRK_TIM9_IRQHandler                 0x0800031f   Thumb Code     0  startup_stm32f2xx.o(.text)
    TIM1_CC_IRQHandler                       0x0800031f   Thumb Code     0  startup_stm32f2xx.o(.text)
    TIM1_TRG_COM_TIM11_IRQHandler            0x0800031f   Thumb Code     0  startup_stm32f2xx.o(.text)
    TIM1_UP_TIM10_IRQHandler                 0x0800031f   Thumb Code     0  startup_stm32f2xx.o(.text)
    TIM2_IRQHandler                          0x0800031f   Thumb Code     0  startup_stm32f2xx.o(.text)
    TIM3_IRQHandler                          0x0800031f   Thumb Code     0  startup_stm32f2xx.o(.text)
    TIM4_IRQHandler                          0x0800031f   Thumb Code     0  startup_stm32f2xx.o(.text)
    TIM5_IRQHandler                          0x0800031f   Thumb Code     0  startup_stm32f2xx.o(.text)
    TIM6_DAC_IRQHandler                      0x0800031f   Thumb Code     0  startup_stm32f2xx.o(.text)
    TIM8_BRK_TIM12_IRQHandler                0x0800031f   Thumb Code     0  startup_stm32f2xx.o(.text)
    TIM8_CC_IRQHandler                       0x0800031f   Thumb Code     0  startup_stm32f2xx.o(.text)
    TIM8_TRG_COM_TIM14_IRQHandler            0x0800031f   Thumb Code     0  startup_stm32f2xx.o(.text)
    TIM8_UP_TIM13_IRQHandler                 0x0800031f   Thumb Code     0  startup_stm32f2xx.o(.text)
    UART4_IRQHandler                         0x0800031f   Thumb Code     0  startup_stm32f2xx.o(.text)
    UART5_IRQHandler                         0x0800031f   Thumb Code     0  startup_stm32f2xx.o(.text)
    USART2_IRQHandler                        0x0800031f   Thumb Code     0  startup_stm32f2xx.o(.text)
    USART6_IRQHandler                        0x0800031f   Thumb Code     0  startup_stm32f2xx.o(.text)
    WWDG_IRQHandler                          0x0800031f   Thumb Code     0  startup_stm32f2xx.o(.text)
    __user_initial_stackheap                 0x08000321   Thumb Code     0  startup_stm32f2xx.o(.text)
    strcpy                                   0x08000345   Thumb Code    72  strcpy.o(.text)
    __use_two_region_memory                  0x0800038d   Thumb Code     2  heapauxi.o(.text)
    __rt_heap_escrow$2region                 0x0800038f   Thumb Code     2  heapauxi.o(.text)
    __rt_heap_expand$2region                 0x08000391   Thumb Code     2  heapauxi.o(.text)
    __user_setup_stackheap                   0x08000393   Thumb Code    74  sys_stackheap_outer.o(.text)
    exit                                     0x080003dd   Thumb Code    12  exit.o(.text)
    __user_libspace                          0x080003e9   Thumb Code     8  libspace.o(.text)
    __user_perproc_libspace                  0x080003e9   Thumb Code     0  libspace.o(.text)
    __user_perthread_libspace                0x080003e9   Thumb Code     0  libspace.o(.text)
    _sys_exit                                0x080003f1   Thumb Code     8  sys_exit.o(.text)
    __I$use$semihosting                      0x080003fd   Thumb Code     0  use_no_semi.o(.text)
    __use_no_semihosting_swi                 0x080003fd   Thumb Code     2  use_no_semi.o(.text)
    __semihosting_library_function           0x080003ff   Thumb Code     0  indicate_semi.o(.text)
    BSP_Init                                 0x08000401   Thumb Code    52  bsp.o(i.BSP_Init)
    BusFault_Handler                         0x08000439   Thumb Code     4  stm32f2xx_it.o(i.BusFault_Handler)
    Buzzer                                   0x0800043d   Thumb Code    30  rsing_beep.o(i.Buzzer)
    DMA1_Stream3_IRQHandler                  0x0800046d   Thumb Code    12  com2server.o(i.DMA1_Stream3_IRQHandler)
    DMA2_Stream7_IRQHandler                  0x08000481   Thumb Code    12  com2server.o(i.DMA2_Stream7_IRQHandler)
    DMA_ClearITPendingBit                    0x08000495   Thumb Code    38  stm32f2xx_dma.o(i.DMA_ClearITPendingBit)
    DMA_DeInit                               0x080004c9   Thumb Code   324  stm32f2xx_dma.o(i.DMA_DeInit)
    DMA_ITConfig                             0x08000621   Thumb Code    58  stm32f2xx_dma.o(i.DMA_ITConfig)
    DMA_Init                                 0x0800065d   Thumb Code    82  stm32f2xx_dma.o(i.DMA_Init)
    DebugMon_Handler                         0x080006b5   Thumb Code     2  stm32f2xx_it.o(i.DebugMon_Handler)
    EXTI_ClearITPendingBit                   0x080006e9   Thumb Code     6  stm32f2xx_exti.o(i.EXTI_ClearITPendingBit)
    EXTI_Init                                0x080006f5   Thumb Code   142  stm32f2xx_exti.o(i.EXTI_Init)
    FLASH_ClearFlag                          0x08000789   Thumb Code     6  stm32f2xx_flash.o(i.FLASH_ClearFlag)
    FLASH_EraseSector                        0x08000795   Thumb Code   130  stm32f2xx_flash.o(i.FLASH_EraseSector)
    FLASH_GetStatus                          0x0800081d   Thumb Code    66  stm32f2xx_flash.o(i.FLASH_GetStatus)
    FLASH_Lock                               0x08000865   Thumb Code    14  stm32f2xx_flash.o(i.FLASH_Lock)
    FLASH_ProgramWord                        0x08000879   Thumb Code    74  stm32f2xx_flash.o(i.FLASH_ProgramWord)
    FLASH_Unlock                             0x080008c9   Thumb Code    24  stm32f2xx_flash.o(i.FLASH_Unlock)
    FLASH_WaitForLastOperation               0x080008ed   Thumb Code    34  stm32f2xx_flash.o(i.FLASH_WaitForLastOperation)
    GPIO_Init                                0x0800090f   Thumb Code   144  stm32f2xx_gpio.o(i.GPIO_Init)
    GPIO_PinAFConfig                         0x0800099f   Thumb Code    70  stm32f2xx_gpio.o(i.GPIO_PinAFConfig)
    GPIO_ReadInputDataBit                    0x080009e5   Thumb Code    18  stm32f2xx_gpio.o(i.GPIO_ReadInputDataBit)
    GPIO_ResetBits                           0x080009f7   Thumb Code     4  stm32f2xx_gpio.o(i.GPIO_ResetBits)
    GPIO_SetBits                             0x080009fb   Thumb Code     4  stm32f2xx_gpio.o(i.GPIO_SetBits)
    HardFault_Handler                        0x080009ff   Thumb Code     4  stm32f2xx_it.o(i.HardFault_Handler)
    I2C_Configuration                        0x08000a05   Thumb Code   234  rsing_i2c.o(i.I2C_Configuration)
    I2C_NoAck                                0x08000af9   Thumb Code    52  rsing_i2c.o(i.I2C_NoAck)
    I2C_ReceiveByte                          0x08000b31   Thumb Code    80  rsing_i2c.o(i.I2C_ReceiveByte)
    I2C_SendByte                             0x08000b85   Thumb Code    84  rsing_i2c.o(i.I2C_SendByte)
    I2C_Start                                0x08000bdd   Thumb Code    82  rsing_i2c.o(i.I2C_Start)
    I2C_Stop                                 0x08000c35   Thumb Code    52  rsing_i2c.o(i.I2C_Stop)
    I2C_WaitAck                              0x08000c6d   Thumb Code    76  rsing_i2c.o(i.I2C_WaitAck)
    I2C_WriteByte                            0x08000cbd   Thumb Code    82  rsing_i2c.o(i.I2C_WriteByte)
    MemManage_Handler                        0x08000d8d   Thumb Code     4  stm32f2xx_it.o(i.MemManage_Handler)
    MyGPIOInit                               0x08000d91   Thumb Code   174  base_fun.o(i.MyGPIOInit)
    NMI_Handler                              0x08000e3f   Thumb Code     2  stm32f2xx_it.o(i.NMI_Handler)
    NVIC_Init                                0x08000e41   Thumb Code   106  misc.o(i.NVIC_Init)
    NVIC_PriorityGroupConfig                 0x08000eb9   Thumb Code    10  misc.o(i.NVIC_PriorityGroupConfig)
    OLED_Clear                               0x08000ecd   Thumb Code    58  oled.o(i.OLED_Clear)
    OLED_DrawPoint                           0x08000f15   Thumb Code   100  oled.o(i.OLED_DrawPoint)
    OLED_Init                                0x08000f7d   Thumb Code   356  oled.o(i.OLED_Init)
    OLED_Refresh_Gram                        0x080010ed   Thumb Code   238  oled.o(i.OLED_Refresh_Gram)
    OLED_ShowAst                             0x080011e9   Thumb Code    66  oled.o(i.OLED_ShowAst)
    OLED_ShowChar                            0x0800122d   Thumb Code   158  oled.o(i.OLED_ShowChar)
    OLED_ShowChineseChar                     0x080012d5   Thumb Code   282  oled.o(i.OLED_ShowChineseChar)
    OLED_ShowNum                             0x080013fd   Thumb Code   148  oled.o(i.OLED_ShowNum)
    OLED_ShowString                          0x08001491   Thumb Code    96  oled.o(i.OLED_ShowString)
    OLED_ShowString_CH                       0x080014f1   Thumb Code   152  oled.o(i.OLED_ShowString_CH)
    OLED_WR_Byte                             0x08001589   Thumb Code    96  oled.o(i.OLED_WR_Byte)
    PWR_BackupAccessCmd                      0x080015ed   Thumb Code     6  stm32f2xx_pwr.o(i.PWR_BackupAccessCmd)
    PWR_BackupRegulatorCmd                   0x080015f9   Thumb Code     6  stm32f2xx_pwr.o(i.PWR_BackupRegulatorCmd)
    PWR_GetFlagStatus                        0x08001605   Thumb Code    20  stm32f2xx_pwr.o(i.PWR_GetFlagStatus)
    RCC_AHB1PeriphClockCmd                   0x0800161d   Thumb Code    26  stm32f2xx_rcc.o(i.RCC_AHB1PeriphClockCmd)
    RCC_APB1PeriphClockCmd                   0x0800163d   Thumb Code    26  stm32f2xx_rcc.o(i.RCC_APB1PeriphClockCmd)
    RCC_APB1PeriphResetCmd                   0x0800165d   Thumb Code    26  stm32f2xx_rcc.o(i.RCC_APB1PeriphResetCmd)
    RCC_APB2PeriphResetCmd                   0x0800167d   Thumb Code    26  stm32f2xx_rcc.o(i.RCC_APB2PeriphResetCmd)
    RCC_GetClocksFreq                        0x0800169d   Thumb Code   214  stm32f2xx_rcc.o(i.RCC_GetClocksFreq)
    RCC_GetFlagStatus                        0x08001785   Thumb Code    60  stm32f2xx_rcc.o(i.RCC_GetFlagStatus)
    RCC_LSEConfig                            0x080017c5   Thumb Code    40  stm32f2xx_rcc.o(i.RCC_LSEConfig)
    RCC_RTCCLKCmd                            0x080017f1   Thumb Code     6  stm32f2xx_rcc.o(i.RCC_RTCCLKCmd)
    RCC_RTCCLKConfig                         0x080017fd   Thumb Code    50  stm32f2xx_rcc.o(i.RCC_RTCCLKConfig)
    RTC_ClearITPendingBit                    0x0800186d   Thumb Code    28  stm32f2xx_rtc.o(i.RTC_ClearITPendingBit)
    RTC_Configuration                        0x0800188d   Thumb Code   328  rtc.o(i.RTC_Configuration)
    RTC_EnterInitMode                        0x080019f5   Thumb Code    76  stm32f2xx_rtc.o(i.RTC_EnterInitMode)
    RTC_ExitInitMode                         0x08001a45   Thumb Code    14  stm32f2xx_rtc.o(i.RTC_ExitInitMode)
    RTC_GetITStatus                          0x08001a59   Thumb Code    58  stm32f2xx_rtc.o(i.RTC_GetITStatus)
    RTC_GetTime                              0x08001a99   Thumb Code    72  stm32f2xx_rtc.o(i.RTC_GetTime)
    RTC_ITConfig                             0x08001ae9   Thumb Code    94  stm32f2xx_rtc.o(i.RTC_ITConfig)
    RTC_Init                                 0x08001b4d   Thumb Code    94  stm32f2xx_rtc.o(i.RTC_Init)
    RTC_ReadBackupRegister                   0x08001bb1   Thumb Code    26  stm32f2xx_rtc.o(i.RTC_ReadBackupRegister)
    RTC_SetDate                              0x08001bd1   Thumb Code   174  stm32f2xx_rtc.o(i.RTC_SetDate)
    RTC_SetTime                              0x08001c89   Thumb Code   184  stm32f2xx_rtc.o(i.RTC_SetTime)
    RTC_SetWakeUpCounter                     0x08001d49   Thumb Code    22  stm32f2xx_rtc.o(i.RTC_SetWakeUpCounter)
    RTC_WKUP_IRQHandler                      0x08001d65   Thumb Code    50  rtc.o(i.RTC_WKUP_IRQHandler)
    RTC_WaitForSynchro                       0x08001da5   Thumb Code    92  stm32f2xx_rtc.o(i.RTC_WaitForSynchro)
    RTC_WakeUpClockConfig                    0x08001e05   Thumb Code    42  stm32f2xx_rtc.o(i.RTC_WakeUpClockConfig)
    RTC_WakeUpCmd                            0x08001e35   Thumb Code   116  stm32f2xx_rtc.o(i.RTC_WakeUpCmd)
    RTC_WriteBackupRegister                  0x08001ead   Thumb Code    24  stm32f2xx_rtc.o(i.RTC_WriteBackupRegister)
    RTC_main                                 0x08001ec9   Thumb Code   134  rtc.o(i.RTC_main)
    RegisterShow                             0x08001f51   Thumb Code  1624  display_task.o(i.RegisterShow)
    StartTaskCreate                          0x080026dd   Thumb Code    54  app.o(i.StartTaskCreate)
    SysTick_Handler                          0x08002731   Thumb Code    48  port.o(i.SysTick_Handler)
    SystemCoreClockUpdate                    0x08002765   Thumb Code   170  system_stm32f2xx.o(i.SystemCoreClockUpdate)
    SystemInit                               0x08002825   Thumb Code    74  system_stm32f2xx.o(i.SystemInit)
    TIM7_IRQHandler                          0x08002881   Thumb Code    64  com2server.o(i.TIM7_IRQHandler)
    TIM_GetITStatus                          0x080028cd   Thumb Code    34  stm32f2xx_tim.o(i.TIM_GetITStatus)
    TSM_ReadOneByte                          0x080028ef   Thumb Code    96  rsing_i2c.o(i.TSM_ReadOneByte)
    TSM_Write_2Byte                          0x0800294f   Thumb Code    84  rsing_i2c.o(i.TSM_Write_2Byte)
    TSM_Write_Byte                           0x080029a3   Thumb Code    18  rsing_i2c.o(i.TSM_Write_Byte)
    TimeShow                                 0x080029b5   Thumb Code   142  display_task.o(i.TimeShow)
    USART1_IRQHandler                        0x08002a71   Thumb Code   188  com2server.o(i.USART1_IRQHandler)
    USART3_Configuration                     0x08002b41   Thumb Code   336  com2server.o(i.USART3_Configuration)
    USART3_IRQHandler                        0x08002ca5   Thumb Code   190  com2server.o(i.USART3_IRQHandler)
    USART_ClearITPendingBit                  0x08002d79   Thumb Code    30  stm32f2xx_usart.o(i.USART_ClearITPendingBit)
    USART_Cmd                                0x08002d97   Thumb Code    24  stm32f2xx_usart.o(i.USART_Cmd)
    USART_DMACmd                             0x08002daf   Thumb Code    18  stm32f2xx_usart.o(i.USART_DMACmd)
    USART_DeInit                             0x08002dc1   Thumb Code   156  stm32f2xx_usart.o(i.USART_DeInit)
    USART_ITConfig                           0x08002e75   Thumb Code    74  stm32f2xx_usart.o(i.USART_ITConfig)
    USART_Init                               0x08002ec1   Thumb Code   204  stm32f2xx_usart.o(i.USART_Init)
    UsageFault_Handler                       0x08002f95   Thumb Code     4  stm32f2xx_it.o(i.UsageFault_Handler)
    calcSum                                  0x08002f99   Thumb Code    48  com2server.o(i.calcSum)
    checkInterrupt                           0x08002fc9   Thumb Code    20  display_task.o(i.checkInterrupt)
    checkSum                                 0x08002fe1   Thumb Code    70  com2server.o(i.checkSum)
    delay_ms                                 0x08003027   Thumb Code    28  base_fun.o(i.delay_ms)
    delete_all_model                         0x08003045   Thumb Code   210  com2server.o(i.delete_all_model)
    delete_from_flash_and_dev                0x0800312d   Thumb Code    70  display_task.o(i.delete_from_flash_and_dev)
    delete_model                             0x0800317d   Thumb Code   220  com2server.o(i.delete_model)
    getKeyNumber                             0x0800326d   Thumb Code   220  display_task.o(i.getKeyNumber)
    getPassportNumber                        0x0800334d   Thumb Code   340  display_task.o(i.getPassportNumber)
    getPassportNumberOrFinger                0x080034a5   Thumb Code   388  display_task.o(i.getPassportNumberOrFinger)
    getStarAndPound                          0x08003645   Thumb Code   118  display_task.o(i.getStarAndPound)
    identification                           0x080036c1   Thumb Code   268  com2server.o(i.identification)
    list_one_member                          0x080037e1   Thumb Code    48  display_task.o(i.list_one_member)
    main                                     0x08003819   Thumb Code    38  main.o(i.main)
    manager_info_identify                    0x08003849   Thumb Code   204  display_task.o(i.manager_info_identify)
    member_finger_info_add                   0x08003961   Thumb Code  1410  display_task.o(i.member_finger_info_add)
    member_finger_info_delete                0x08003ee5   Thumb Code   918  display_task.o(i.member_finger_info_delete)
    member_info_add                          0x080042ad   Thumb Code    20  display_task.o(i.member_info_add)
    member_info_delete                       0x080042c1   Thumb Code   206  display_task.o(i.member_info_delete)
    member_info_delete_all                   0x080043c1   Thumb Code   166  display_task.o(i.member_info_delete_all)
    member_info_delete_single                0x080044b9   Thumb Code    20  display_task.o(i.member_info_delete_single)
    menu_display                             0x080044cd   Thumb Code   334  display_task.o(i.menu_display)
    menu_modify_display                      0x08004675   Thumb Code   198  display_task.o(i.menu_modify_display)
    modeling                                 0x0800476d   Thumb Code   254  com2server.o(i.modeling)
    modeling_complete                        0x08004881   Thumb Code   268  com2server.o(i.modeling_complete)
    modify_finger_info                       0x080049a1   Thumb Code  1426  display_task.o(i.modify_finger_info)
    modify_passport                          0x08004f35   Thumb Code   318  display_task.o(i.modify_passport)
    mypow                                    0x080050f1   Thumb Code    22  oled.o(i.mypow)
    open_dev                                 0x08005109   Thumb Code   212  com2server.o(i.open_dev)
    passwordCmp                              0x080051f1   Thumb Code    34  display_task.o(i.passwordCmp)
    passwordCpy                              0x08005213   Thumb Code    20  display_task.o(i.passwordCpy)
    pvPortMalloc                             0x0800551d   Thumb Code   166  heap_2.o(i.pvPortMalloc)
    pxPortInitialiseStack                    0x080055d5   Thumb Code    26  port.o(i.pxPortInitialiseStack)
    readRegInfoFromFlash                     0x080055f5   Thumb Code   128  flash_task.o(i.readRegInfoFromFlash)
    returnTodefault                          0x0800568d   Thumb Code    54  display_task.o(i.returnTodefault)
    uxListRemove                             0x080056d1   Thumb Code    40  list.o(i.uxListRemove)
    vBeepTask                                0x080056f9   Thumb Code    70  rsing_beep.o(i.vBeepTask)
    vDefaultTask                             0x08005755   Thumb Code    80  default_task.o(i.vDefaultTask)
    vDisplayTask                             0x080057c5   Thumb Code    30  display_task.o(i.vDisplayTask)
    vFingerTask                              0x080057e5   Thumb Code   384  finger.o(i.vFingerTask)
    vKeyTask                                 0x080059bd   Thumb Code    52  display_task.o(i.vKeyTask)
    vListInitialise                          0x080059fd   Thumb Code    26  list.o(i.vListInitialise)
    vListInitialiseItem                      0x08005a17   Thumb Code     6  list.o(i.vListInitialiseItem)
    vListInsert                              0x08005a1d   Thumb Code    52  list.o(i.vListInsert)
    vListInsertEnd                           0x08005a51   Thumb Code    24  list.o(i.vListInsertEnd)
    vMainTask                                0x08005a69   Thumb Code    22  app.o(i.vMainTask)
    vPortEnterCritical                       0x08005a81   Thumb Code    84  port.o(i.vPortEnterCritical)
    vPortExitCritical                        0x08005add   Thumb Code    56  port.o(i.vPortExitCritical)
    vPortFree                                0x08005b19   Thumb Code    56  heap_2.o(i.vPortFree)
    vPortSetupTimerInterrupt                 0x08005b59   Thumb Code    14  port.o(i.vPortSetupTimerInterrupt)
    vTaskDelay                               0x08005c09   Thumb Code   120  tasks.o(i.vTaskDelay)
    vTaskDelayUntil                          0x08005c95   Thumb Code   230  tasks.o(i.vTaskDelayUntil)
    vTaskDelete                              0x08005d91   Thumb Code   186  tasks.o(i.vTaskDelete)
    vTaskResume                              0x08005e71   Thumb Code   130  tasks.o(i.vTaskResume)
    vTaskStartScheduler                      0x08005f05   Thumb Code    92  tasks.o(i.vTaskStartScheduler)
    vTaskSuspend                             0x08005f75   Thumb Code   198  tasks.o(i.vTaskSuspend)
    vTaskSuspendAll                          0x0800605d   Thumb Code    12  tasks.o(i.vTaskSuspendAll)
    vTaskSwitchContext                       0x0800606d   Thumb Code   118  tasks.o(i.vTaskSwitchContext)
    vUiTask                                  0x080060f9   Thumb Code    94  display_task.o(i.vUiTask)
    writeRegInfoToFlash                      0x08006169   Thumb Code   232  flash_task.o(i.writeRegInfoToFlash)
    xPortStartScheduler                      0x08006269   Thumb Code   140  port.o(i.xPortStartScheduler)
    xTaskGenericCreate                       0x08006309   Thumb Code   334  tasks.o(i.xTaskGenericCreate)
    xTaskGetTickCount                        0x08006475   Thumb Code     6  tasks.o(i.xTaskGetTickCount)
    xTaskIncrementTick                       0x08006481   Thumb Code   286  tasks.o(i.xTaskIncrementTick)
    xTaskResumeAll                           0x080065cd   Thumb Code   224  tasks.o(i.xTaskResumeAll)
    asc2_1206                                0x080066d0   Data        1140  oled.o(.constdata)
    asc2_1608                                0x08006b44   Data        1520  oled.o(.constdata)
    gbk_font_16                              0x08007134   Data       216576  oled.o(.constdata)
    gbk_a1_16                                0x0803bf34   Data        1472  oled.o(.constdata)
    gbk_a3_16                                0x0803c4f4   Data         992  oled.o(.constdata)
    Region$$Table$$Base                      0x0803c8d4   Number         0  anon$$obj.o(Region$$Table)
    Region$$Table$$Limit                     0x0803c8f4   Number         0  anon$$obj.o(Region$$Table)
    MainTaskHandle                           0x20000000   Data           4  app.o(.data)
    FingerTaskHandle                         0x20000004   Data           4  app.o(.data)
    DisplayTaskHandle                        0x20000008   Data           4  app.o(.data)
    FlashTaskHandle                          0x2000000c   Data           4  app.o(.data)
    UiTaskHandle                             0x20000010   Data           4  app.o(.data)
    KeyTaskHandle                            0x20000014   Data           4  app.o(.data)
    DefaultTaskHandle                        0x20000018   Data           4  app.o(.data)
    OLED_GRAM_LINE_SIZE                      0x2000001c   Data           8  oled.o(.data)
    OLED_GRAM_LINE_INDEX                     0x20000024   Data           8  oled.o(.data)
    SyncFlag                                 0x2000002c   Data           4  com2server.o(.data)
    SyncTimOut                               0x20000030   Data           4  com2server.o(.data)
    xCharsForTx3                             0x20000034   Data           4  com2server.o(.data)
    serial_data_step                         0x20000038   Data           1  com2server.o(.data)
    serial_receive_over                      0x20000039   Data           1  com2server.o(.data)
    delay_300ms_count                        0x2000003a   Data           1  com2server.o(.data)
    RTC_TimeStructure                        0x20000040   Data           4  rtc.o(.data)
    RTC_DateStructure                        0x20000044   Data           4  rtc.o(.data)
    AsynchPrediv                             0x20000048   Data           4  rtc.o(.data)
    SynchPrediv                              0x2000004c   Data           4  rtc.o(.data)
    TimeDisplay                              0x20000050   Data           4  rtc.o(.data)
    errorindex                               0x20000054   Data           4  rtc.o(.data)
    i                                        0x20000058   Data           4  rtc.o(.data)
    i2c_error_count                          0x2000005c   Data           4  rsing_i2c.o(.data)
    registered_flag                          0x20000060   Data           4  finger.o(.data)
    member_number                            0x20000064   Data           4  finger.o(.data)
    password                                 0x20000068   Data           8  finger.o(.data)
    modeling_step                            0x20000070   Data           1  finger.o(.data)
    finger_dev_opened                        0x20000071   Data           1  finger.o(.data)
    cur_id_detected                          0x20000074   Data           4  finger.o(.data)
    manager_id_true                          0x20000078   Data           1  finger.o(.data)
    member_deteted_flag                      0x20000079   Data           1  finger.o(.data)
    forbid_time_refresh                      0x2000007a   Data           1  finger.o(.data)
    touch_status                             0x2000007b   Data           1  finger.o(.data)
    test                                     0x2000007c   Data           4  display_task.o(.data)
    hours                                    0x20000080   Data           1  display_task.o(.data)
    minutes                                  0x20000081   Data           1  display_task.o(.data)
    seconds                                  0x20000082   Data           1  display_task.o(.data)
    identify_run_flag                        0x20000083   Data           1  display_task.o(.data)
    menu_select                              0x20000084   Data           1  display_task.o(.data)
    time_show_refresh                        0x20000085   Data           1  display_task.o(.data)
    passportInput                            0x20000086   Data           8  display_task.o(.data)
    test32                                   0x20000090   Data           4  display_task.o(.data)
    data1                                    0x20000094   Data           1  display_task.o(.data)
    data2                                    0x20000095   Data           1  display_task.o(.data)
    data3                                    0x20000096   Data           1  display_task.o(.data)
    passport_wrong_count                     0x20000097   Data           1  display_task.o(.data)
    passport_right_flag                      0x20000098   Data           1  display_task.o(.data)
    passport_set_first_time                  0x20000099   Data           8  display_task.o(.data)
    passport_set_second_time                 0x200000a1   Data           8  display_task.o(.data)
    passport_set_step                        0x200000a9   Data           1  display_task.o(.data)
    passport_set_success_flag                0x200000aa   Data           1  display_task.o(.data)
    finger_info_first_time_success_flag      0x200000ab   Data           1  display_task.o(.data)
    finger_info_second_time_success_flag     0x200000ac   Data           1  display_task.o(.data)
    finger_info_third_time_success_flag      0x200000ad   Data           1  display_task.o(.data)
    key_number                               0x200000ae   Data           1  display_task.o(.data)
    cur_model_id                             0x200000b0   Data           4  display_task.o(.data)
    data4                                    0x200000b4   Data           1  display_task.o(.data)
    data_test                                0x200000b8   Data           4  display_task.o(.data)
    PA2                                      0x200000bc   Data           1  display_task.o(.data)
    iuy                                      0x200000bd   Data           1  display_task.o(.data)
    addr                                     0x200000c0   Data           4  flash_task.o(.data)
    data                                     0x200000c4   Data           4  flash_task.o(.data)
    BeepTaskHandle                           0x200000c8   Data           4  rsing_beep.o(.data)
    default_count                            0x200000d0   Data           2  default_task.o(.data)
    default_flag                             0x200000d2   Data           1  default_task.o(.data)
    pxCurrentTCB                             0x200000e4   Data           4  tasks.o(.data)
    SystemCoreClock                          0x20000140   Data           4  system_stm32f2xx.o(.data)
    AHBPrescTable                            0x20000144   Data          16  system_stm32f2xx.o(.data)
    OLED_GRAM                                0x20000154   Data        2048  oled.o(.bss)
    DmaUsartTxBuf                            0x20000954   Data          24  com2server.o(.bss)
    DmaUsartTimBuf                           0x2000096c   Data          14  com2server.o(.bss)
    UsartRx1                                 0x2000097a   Data          33  com2server.o(.bss)
    UsartRx3                                 0x2000099b   Data          33  com2server.o(.bss)
    RecTemp                                  0x200009bc   Data          32  com2server.o(.bss)
    RTC_InitStructure                        0x200009dc   Data          12  rtc.o(.bss)
    member_id                                0x200009e8   Data         400  finger.o(.bss)
    __libspace_start                         0x20005040   Data          96  libspace.o(.bss)
    __temporary_stack_top$libspace           0x200050a0   Data           0  libspace.o(.bss)



==============================================================================

Memory Map of the image

  Image Entry point : 0x08000185

  Load Region LR_IROM1 (Base: 0x08000000, Size: 0x0003ca48, Max: 0x00100000, ABSOLUTE, COMPRESSED[0x0003c920])

    Execution Region ER_IROM1 (Base: 0x08000000, Size: 0x0003c8f4, Max: 0x00100000, ABSOLUTE)

    Base Addr    Size         Type   Attr      Idx    E Section Name        Object

    0x08000000   0x00000184   Data   RO         4114    RESET               startup_stm32f2xx.o
    0x08000184   0x00000008   Code   RO         4127  * !!!main             c_w.l(__main.o)
    0x0800018c   0x00000034   Code   RO         4287    !!!scatter          c_w.l(__scatter.o)
    0x080001c0   0x0000005a   Code   RO         4285    !!dczerorl2         c_w.l(__dczerorl2.o)
    0x0800021a   0x00000002   PAD
    0x0800021c   0x0000001c   Code   RO         4289    !!handler_zi        c_w.l(__scatter_zi.o)
    0x08000238   0x00000002   Code   RO         4156    .ARM.Collect$$libinit$$00000000  c_w.l(libinit.o)
    0x0800023a   0x00000000   Code   RO         4163    .ARM.Collect$$libinit$$00000002  c_w.l(libinit2.o)
    0x0800023a   0x00000000   Code   RO         4165    .ARM.Collect$$libinit$$00000004  c_w.l(libinit2.o)
    0x0800023a   0x00000000   Code   RO         4168    .ARM.Collect$$libinit$$0000000A  c_w.l(libinit2.o)
    0x0800023a   0x00000000   Code   RO         4170    .ARM.Collect$$libinit$$0000000C  c_w.l(libinit2.o)
    0x0800023a   0x00000000   Code   RO         4172    .ARM.Collect$$libinit$$0000000E  c_w.l(libinit2.o)
    0x0800023a   0x00000000   Code   RO         4175    .ARM.Collect$$libinit$$00000011  c_w.l(libinit2.o)
    0x0800023a   0x00000000   Code   RO         4177    .ARM.Collect$$libinit$$00000013  c_w.l(libinit2.o)
    0x0800023a   0x00000000   Code   RO         4179    .ARM.Collect$$libinit$$00000015  c_w.l(libinit2.o)
    0x0800023a   0x00000000   Code   RO         4181    .ARM.Collect$$libinit$$00000017  c_w.l(libinit2.o)
    0x0800023a   0x00000000   Code   RO         4183    .ARM.Collect$$libinit$$00000019  c_w.l(libinit2.o)
    0x0800023a   0x00000000   Code   RO         4185    .ARM.Collect$$libinit$$0000001B  c_w.l(libinit2.o)
    0x0800023a   0x00000000   Code   RO         4187    .ARM.Collect$$libinit$$0000001D  c_w.l(libinit2.o)
    0x0800023a   0x00000000   Code   RO         4189    .ARM.Collect$$libinit$$0000001F  c_w.l(libinit2.o)
    0x0800023a   0x00000000   Code   RO         4191    .ARM.Collect$$libinit$$00000021  c_w.l(libinit2.o)
    0x0800023a   0x00000000   Code   RO         4193    .ARM.Collect$$libinit$$00000023  c_w.l(libinit2.o)
    0x0800023a   0x00000000   Code   RO         4195    .ARM.Collect$$libinit$$00000025  c_w.l(libinit2.o)
    0x0800023a   0x00000000   Code   RO         4199    .ARM.Collect$$libinit$$0000002C  c_w.l(libinit2.o)
    0x0800023a   0x00000000   Code   RO         4201    .ARM.Collect$$libinit$$0000002E  c_w.l(libinit2.o)
    0x0800023a   0x00000000   Code   RO         4203    .ARM.Collect$$libinit$$00000030  c_w.l(libinit2.o)
    0x0800023a   0x00000000   Code   RO         4205    .ARM.Collect$$libinit$$00000032  c_w.l(libinit2.o)
    0x0800023a   0x00000002   Code   RO         4206    .ARM.Collect$$libinit$$00000033  c_w.l(libinit2.o)
    0x0800023c   0x00000002   Code   RO         4226    .ARM.Collect$$libshutdown$$00000000  c_w.l(libshutdown.o)
    0x0800023e   0x00000000   Code   RO         4240    .ARM.Collect$$libshutdown$$00000003  c_w.l(libshutdown2.o)
    0x0800023e   0x00000000   Code   RO         4243    .ARM.Collect$$libshutdown$$00000006  c_w.l(libshutdown2.o)
    0x0800023e   0x00000000   Code   RO         4246    .ARM.Collect$$libshutdown$$00000009  c_w.l(libshutdown2.o)
    0x0800023e   0x00000000   Code   RO         4248    .ARM.Collect$$libshutdown$$0000000B  c_w.l(libshutdown2.o)
    0x0800023e   0x00000000   Code   RO         4251    .ARM.Collect$$libshutdown$$0000000E  c_w.l(libshutdown2.o)
    0x0800023e   0x00000002   Code   RO         4252    .ARM.Collect$$libshutdown$$0000000F  c_w.l(libshutdown2.o)
    0x08000240   0x00000000   Code   RO         4129    .ARM.Collect$$rtentry$$00000000  c_w.l(__rtentry.o)
    0x08000240   0x00000000   Code   RO         4133    .ARM.Collect$$rtentry$$00000002  c_w.l(__rtentry2.o)
    0x08000240   0x00000006   Code   RO         4145    .ARM.Collect$$rtentry$$00000004  c_w.l(__rtentry4.o)
    0x08000246   0x00000000   Code   RO         4135    .ARM.Collect$$rtentry$$00000009  c_w.l(__rtentry2.o)
    0x08000246   0x00000004   Code   RO         4136    .ARM.Collect$$rtentry$$0000000A  c_w.l(__rtentry2.o)
    0x0800024a   0x00000000   Code   RO         4138    .ARM.Collect$$rtentry$$0000000C  c_w.l(__rtentry2.o)
    0x0800024a   0x00000008   Code   RO         4139    .ARM.Collect$$rtentry$$0000000D  c_w.l(__rtentry2.o)
    0x08000252   0x00000002   Code   RO         4160    .ARM.Collect$$rtexit$$00000000  c_w.l(rtexit.o)
    0x08000254   0x00000000   Code   RO         4208    .ARM.Collect$$rtexit$$00000002  c_w.l(rtexit2.o)
    0x08000254   0x00000004   Code   RO         4209    .ARM.Collect$$rtexit$$00000003  c_w.l(rtexit2.o)
    0x08000258   0x00000006   Code   RO         4210    .ARM.Collect$$rtexit$$00000004  c_w.l(rtexit2.o)
    0x0800025e   0x00000002   PAD
    0x08000260   0x000000a2   Code   RO         4008    .emb_text           port.o
    0x08000302   0x00000002   PAD
    0x08000304   0x00000040   Code   RO         4115    .text               startup_stm32f2xx.o
    0x08000344   0x00000048   Code   RO         4121    .text               c_w.l(strcpy.o)
    0x0800038c   0x00000006   Code   RO         4125    .text               c_w.l(heapauxi.o)
    0x08000392   0x0000004a   Code   RO         4147    .text               c_w.l(sys_stackheap_outer.o)
    0x080003dc   0x0000000c   Code   RO         4149    .text               c_w.l(exit.o)
    0x080003e8   0x00000008   Code   RO         4157    .text               c_w.l(libspace.o)
    0x080003f0   0x0000000c   Code   RO         4218    .text               c_w.l(sys_exit.o)
    0x080003fc   0x00000002   Code   RO         4229    .text               c_w.l(use_no_semi.o)
    0x080003fe   0x00000000   Code   RO         4231    .text               c_w.l(indicate_semi.o)
    0x080003fe   0x00000002   PAD
    0x08000400   0x00000038   Code   RO          343    i.BSP_Init          bsp.o
    0x08000438   0x00000004   Code   RO          170    i.BusFault_Handler  stm32f2xx_it.o
    0x0800043c   0x00000030   Code   RO         1139    i.Buzzer            rsing_beep.o
    0x0800046c   0x00000014   Code   RO          520    i.DMA1_Stream3_IRQHandler  com2server.o
    0x08000480   0x00000014   Code   RO          521    i.DMA2_Stream7_IRQHandler  com2server.o
    0x08000494   0x00000034   Code   RO         1711    i.DMA_ClearITPendingBit  stm32f2xx_dma.o
    0x080004c8   0x00000158   Code   RO         1713    i.DMA_DeInit        stm32f2xx_dma.o
    0x08000620   0x0000003a   Code   RO         1723    i.DMA_ITConfig      stm32f2xx_dma.o
    0x0800065a   0x00000002   PAD
    0x0800065c   0x00000058   Code   RO         1724    i.DMA_Init          stm32f2xx_dma.o
    0x080006b4   0x00000002   Code   RO          171    i.DebugMon_Handler  stm32f2xx_it.o
    0x080006b6   0x00000002   PAD
    0x080006b8   0x00000030   Code   RO          522    i.DmaSendPos        com2server.o
    0x080006e8   0x0000000c   Code   RO         1835    i.EXTI_ClearITPendingBit  stm32f2xx_exti.o
    0x080006f4   0x00000094   Code   RO         1840    i.EXTI_Init         stm32f2xx_exti.o
    0x08000788   0x0000000c   Code   RO         1892    i.FLASH_ClearFlag   stm32f2xx_flash.o
    0x08000794   0x00000088   Code   RO         1896    i.FLASH_EraseSector  stm32f2xx_flash.o
    0x0800081c   0x00000048   Code   RO         1898    i.FLASH_GetStatus   stm32f2xx_flash.o
    0x08000864   0x00000014   Code   RO         1902    i.FLASH_Lock        stm32f2xx_flash.o
    0x08000878   0x00000050   Code   RO         1918    i.FLASH_ProgramWord  stm32f2xx_flash.o
    0x080008c8   0x00000024   Code   RO         1920    i.FLASH_Unlock      stm32f2xx_flash.o
    0x080008ec   0x00000022   Code   RO         1921    i.FLASH_WaitForLastOperation  stm32f2xx_flash.o
    0x0800090e   0x00000090   Code   RO         2083    i.GPIO_Init         stm32f2xx_gpio.o
    0x0800099e   0x00000046   Code   RO         2084    i.GPIO_PinAFConfig  stm32f2xx_gpio.o
    0x080009e4   0x00000012   Code   RO         2087    i.GPIO_ReadInputDataBit  stm32f2xx_gpio.o
    0x080009f6   0x00000004   Code   RO         2090    i.GPIO_ResetBits    stm32f2xx_gpio.o
    0x080009fa   0x00000004   Code   RO         2091    i.GPIO_SetBits      stm32f2xx_gpio.o
    0x080009fe   0x00000004   Code   RO          172    i.HardFault_Handler  stm32f2xx_it.o
    0x08000a02   0x00000002   PAD
    0x08000a04   0x000000f4   Code   RO          710    i.I2C_Configuration  rsing_i2c.o
    0x08000af8   0x00000038   Code   RO          711    i.I2C_NoAck         rsing_i2c.o
    0x08000b30   0x00000054   Code   RO          715    i.I2C_ReceiveByte   rsing_i2c.o
    0x08000b84   0x00000058   Code   RO          716    i.I2C_SendByte      rsing_i2c.o
    0x08000bdc   0x00000058   Code   RO          717    i.I2C_Start         rsing_i2c.o
    0x08000c34   0x00000038   Code   RO          718    i.I2C_Stop          rsing_i2c.o
    0x08000c6c   0x00000050   Code   RO          719    i.I2C_WaitAck       rsing_i2c.o
    0x08000cbc   0x00000058   Code   RO          721    i.I2C_WriteByte     rsing_i2c.o
    0x08000d14   0x0000000e   Code   RO          722    i.I2C_delay         rsing_i2c.o
    0x08000d22   0x00000002   PAD
    0x08000d24   0x00000068   Code   RO          344    i.IO_Configuration  bsp.o
    0x08000d8c   0x00000004   Code   RO          173    i.MemManage_Handler  stm32f2xx_it.o
    0x08000d90   0x000000ae   Code   RO          295    i.MyGPIOInit        base_fun.o
    0x08000e3e   0x00000002   Code   RO          174    i.NMI_Handler       stm32f2xx_it.o
    0x08000e40   0x00000078   Code   RO         1273    i.NVIC_Init         misc.o
    0x08000eb8   0x00000014   Code   RO         1274    i.NVIC_PriorityGroupConfig  misc.o
    0x08000ecc   0x00000048   Code   RO          394    i.OLED_Clear        oled.o
    0x08000f14   0x00000068   Code   RO          397    i.OLED_DrawPoint    oled.o
    0x08000f7c   0x00000170   Code   RO          399    i.OLED_Init         oled.o
    0x080010ec   0x000000fc   Code   RO          400    i.OLED_Refresh_Gram  oled.o
    0x080011e8   0x00000042   Code   RO          401    i.OLED_ShowAst      oled.o
    0x0800122a   0x00000002   PAD
    0x0800122c   0x000000a8   Code   RO          402    i.OLED_ShowChar     oled.o
    0x080012d4   0x00000128   Code   RO          403    i.OLED_ShowChineseChar  oled.o
    0x080013fc   0x00000094   Code   RO          404    i.OLED_ShowNum      oled.o
    0x08001490   0x00000060   Code   RO          405    i.OLED_ShowString   oled.o
    0x080014f0   0x00000098   Code   RO          406    i.OLED_ShowString_CH  oled.o
    0x08001588   0x00000064   Code   RO          408    i.OLED_WR_Byte      oled.o
    0x080015ec   0x0000000c   Code   RO         1197    i.PWR_BackupAccessCmd  stm32f2xx_pwr.o
    0x080015f8   0x0000000c   Code   RO         1198    i.PWR_BackupRegulatorCmd  stm32f2xx_pwr.o
    0x08001604   0x00000018   Code   RO         1204    i.PWR_GetFlagStatus  stm32f2xx_pwr.o
    0x0800161c   0x00000020   Code   RO         2176    i.RCC_AHB1PeriphClockCmd  stm32f2xx_rcc.o
    0x0800163c   0x00000020   Code   RO         2185    i.RCC_APB1PeriphClockCmd  stm32f2xx_rcc.o
    0x0800165c   0x00000020   Code   RO         2187    i.RCC_APB1PeriphResetCmd  stm32f2xx_rcc.o
    0x0800167c   0x00000020   Code   RO         2190    i.RCC_APB2PeriphResetCmd  stm32f2xx_rcc.o
    0x0800169c   0x000000e8   Code   RO         2197    i.RCC_GetClocksFreq  stm32f2xx_rcc.o
    0x08001784   0x00000040   Code   RO         2198    i.RCC_GetFlagStatus  stm32f2xx_rcc.o
    0x080017c4   0x0000002c   Code   RO         2206    i.RCC_LSEConfig     stm32f2xx_rcc.o
    0x080017f0   0x0000000c   Code   RO         2216    i.RCC_RTCCLKCmd     stm32f2xx_rcc.o
    0x080017fc   0x0000003c   Code   RO         2217    i.RCC_RTCCLKConfig  stm32f2xx_rcc.o
    0x08001838   0x00000016   Code   RO         2454    i.RTC_Bcd2ToByte    stm32f2xx_rtc.o
    0x0800184e   0x0000001c   Code   RO         2455    i.RTC_ByteToBcd2    stm32f2xx_rtc.o
    0x0800186a   0x00000002   PAD
    0x0800186c   0x00000020   Code   RO         2458    i.RTC_ClearITPendingBit  stm32f2xx_rtc.o
    0x0800188c   0x00000168   Code   RO          671    i.RTC_Configuration  rtc.o
    0x080019f4   0x00000050   Code   RO         2464    i.RTC_EnterInitMode  stm32f2xx_rtc.o
    0x08001a44   0x00000014   Code   RO         2465    i.RTC_ExitInitMode  stm32f2xx_rtc.o
    0x08001a58   0x00000040   Code   RO         2469    i.RTC_GetITStatus   stm32f2xx_rtc.o
    0x08001a98   0x00000050   Code   RO         2471    i.RTC_GetTime       stm32f2xx_rtc.o
    0x08001ae8   0x00000064   Code   RO         2474    i.RTC_ITConfig      stm32f2xx_rtc.o
    0x08001b4c   0x00000064   Code   RO         2475    i.RTC_Init          stm32f2xx_rtc.o
    0x08001bb0   0x00000020   Code   RO         2478    i.RTC_ReadBackupRegister  stm32f2xx_rtc.o
    0x08001bd0   0x000000b8   Code   RO         2481    i.RTC_SetDate       stm32f2xx_rtc.o
    0x08001c88   0x000000c0   Code   RO         2482    i.RTC_SetTime       stm32f2xx_rtc.o
    0x08001d48   0x0000001c   Code   RO         2483    i.RTC_SetWakeUpCounter  stm32f2xx_rtc.o
    0x08001d64   0x00000040   Code   RO          672    i.RTC_WKUP_IRQHandler  rtc.o
    0x08001da4   0x00000060   Code   RO         2491    i.RTC_WaitForSynchro  stm32f2xx_rtc.o
    0x08001e04   0x00000030   Code   RO         2492    i.RTC_WakeUpClockConfig  stm32f2xx_rtc.o
    0x08001e34   0x00000078   Code   RO         2493    i.RTC_WakeUpCmd     stm32f2xx_rtc.o
    0x08001eac   0x0000001c   Code   RO         2494    i.RTC_WriteBackupRegister  stm32f2xx_rtc.o
    0x08001ec8   0x00000086   Code   RO          673    i.RTC_main          rtc.o
    0x08001f4e   0x00000002   PAD
    0x08001f50   0x000006c0   Code   RO          893    i.RegisterShow      display_task.o
    0x08002610   0x000000cc   Code   RO         4080    i.SetSysClock       system_stm32f2xx.o
    0x080026dc   0x00000054   Code   RO          226    i.StartTaskCreate   app.o
    0x08002730   0x00000034   Code   RO         4009    i.SysTick_Handler   port.o
    0x08002764   0x000000c0   Code   RO         4081    i.SystemCoreClockUpdate  system_stm32f2xx.o
    0x08002824   0x0000005c   Code   RO         4082    i.SystemInit        system_stm32f2xx.o
    0x08002880   0x0000004c   Code   RO          524    i.TIM7_IRQHandler   com2server.o
    0x080028cc   0x00000022   Code   RO         2761    i.TIM_GetITStatus   stm32f2xx_tim.o
    0x080028ee   0x00000060   Code   RO          725    i.TSM_ReadOneByte   rsing_i2c.o
    0x0800294e   0x00000054   Code   RO          726    i.TSM_Write_2Byte   rsing_i2c.o
    0x080029a2   0x00000012   Code   RO          727    i.TSM_Write_Byte    rsing_i2c.o
    0x080029b4   0x000000bc   Code   RO          894    i.TimeShow          display_task.o
    0x08002a70   0x000000d0   Code   RO          526    i.USART1_IRQHandler  com2server.o
    0x08002b40   0x00000164   Code   RO          527    i.USART3_Configuration  com2server.o
    0x08002ca4   0x000000d4   Code   RO          528    i.USART3_IRQHandler  com2server.o
    0x08002d78   0x0000001e   Code   RO         3283    i.USART_ClearITPendingBit  stm32f2xx_usart.o
    0x08002d96   0x00000018   Code   RO         3286    i.USART_Cmd         stm32f2xx_usart.o
    0x08002dae   0x00000012   Code   RO         3287    i.USART_DMACmd      stm32f2xx_usart.o
    0x08002dc0   0x000000b4   Code   RO         3288    i.USART_DeInit      stm32f2xx_usart.o
    0x08002e74   0x0000004a   Code   RO         3292    i.USART_ITConfig    stm32f2xx_usart.o
    0x08002ebe   0x00000002   PAD
    0x08002ec0   0x000000d4   Code   RO         3293    i.USART_Init        stm32f2xx_usart.o
    0x08002f94   0x00000004   Code   RO          175    i.UsageFault_Handler  stm32f2xx_it.o
    0x08002f98   0x00000030   Code   RO          529    i.calcSum           com2server.o
    0x08002fc8   0x00000018   Code   RO          895    i.checkInterrupt    display_task.o
    0x08002fe0   0x00000046   Code   RO          530    i.checkSum          com2server.o
    0x08003026   0x0000001c   Code   RO          298    i.delay_ms          base_fun.o
    0x08003042   0x00000002   PAD
    0x08003044   0x000000e8   Code   RO          533    i.delete_all_model  com2server.o
    0x0800312c   0x00000050   Code   RO          896    i.delete_from_flash_and_dev  display_task.o
    0x0800317c   0x000000f0   Code   RO          534    i.delete_model      com2server.o
    0x0800326c   0x000000e0   Code   RO          897    i.getKeyNumber      display_task.o
    0x0800334c   0x00000158   Code   RO          898    i.getPassportNumber  display_task.o
    0x080034a4   0x000001a0   Code   RO          899    i.getPassportNumberOrFinger  display_task.o
    0x08003644   0x0000007c   Code   RO          900    i.getStarAndPound   display_task.o
    0x080036c0   0x00000120   Code   RO          536    i.identification    com2server.o
    0x080037e0   0x00000038   Code   RO          901    i.list_one_member   display_task.o
    0x08003818   0x00000030   Code   RO            2    i.main              main.o
    0x08003848   0x00000118   Code   RO          902    i.manager_info_identify  display_task.o
    0x08003960   0x00000582   Code   RO          904    i.member_finger_info_add  display_task.o
    0x08003ee2   0x00000002   PAD
    0x08003ee4   0x000003c8   Code   RO          905    i.member_finger_info_delete  display_task.o
    0x080042ac   0x00000014   Code   RO          906    i.member_info_add   display_task.o
    0x080042c0   0x00000100   Code   RO          907    i.member_info_delete  display_task.o
    0x080043c0   0x000000f8   Code   RO          908    i.member_info_delete_all  display_task.o
    0x080044b8   0x00000014   Code   RO          909    i.member_info_delete_single  display_task.o
    0x080044cc   0x000001a8   Code   RO          910    i.menu_display      display_task.o
    0x08004674   0x000000f8   Code   RO          911    i.menu_modify_display  display_task.o
    0x0800476c   0x00000114   Code   RO          537    i.modeling          com2server.o
    0x08004880   0x00000120   Code   RO          538    i.modeling_complete  com2server.o
    0x080049a0   0x00000592   Code   RO          913    i.modify_finger_info  display_task.o
    0x08004f32   0x00000002   PAD
    0x08004f34   0x000001bc   Code   RO          914    i.modify_passport   display_task.o
    0x080050f0   0x00000016   Code   RO          409    i.mypow             oled.o
    0x08005106   0x00000002   PAD
    0x08005108   0x000000e8   Code   RO          539    i.open_dev          com2server.o
    0x080051f0   0x00000022   Code   RO          915    i.passwordCmp       display_task.o
    0x08005212   0x00000014   Code   RO          916    i.passwordCpy       display_task.o
    0x08005226   0x00000002   PAD
    0x08005228   0x00000054   Code   RO         3714    i.prvAddCurrentTaskToDelayedList  tasks.o
    0x0800527c   0x00000036   Code   RO         3715    i.prvAllocateTCBAndStack  tasks.o
    0x080052b2   0x00000002   PAD
    0x080052b4   0x00000064   Code   RO         3716    i.prvCheckTasksWaitingTermination  tasks.o
    0x08005318   0x00000012   Code   RO         3717    i.prvDeleteTCB      tasks.o
    0x0800532a   0x00000002   PAD
    0x0800532c   0x00000038   Code   RO         3970    i.prvHeapInit       heap_2.o
    0x08005364   0x00000028   Code   RO         3718    i.prvIdleTask       tasks.o
    0x0800538c   0x0000005c   Code   RO         3719    i.prvInitialiseTCBVariables  tasks.o
    0x080053e8   0x00000068   Code   RO         3720    i.prvInitialiseTaskLists  tasks.o
    0x08005450   0x00000034   Code   RO         3721    i.prvResetNextTaskUnblockTime  tasks.o
    0x08005484   0x00000040   Code   RO         4010    i.prvTaskExitError  port.o
    0x080054c4   0x00000058   Code   RO         3722    i.prvTaskIsTaskSuspended  tasks.o
    0x0800551c   0x000000b8   Code   RO         3971    i.pvPortMalloc      heap_2.o
    0x080055d4   0x00000020   Code   RO         4011    i.pxPortInitialiseStack  port.o
    0x080055f4   0x00000098   Code   RO         1106    i.readRegInfoFromFlash  flash_task.o
    0x0800568c   0x00000044   Code   RO          917    i.returnTodefault   display_task.o
    0x080056d0   0x00000028   Code   RO         3560    i.uxListRemove      list.o
    0x080056f8   0x0000005c   Code   RO         1141    i.vBeepTask         rsing_beep.o
    0x08005754   0x00000070   Code   RO         1178    i.vDefaultTask      default_task.o
    0x080057c4   0x0000001e   Code   RO          918    i.vDisplayTask      display_task.o
    0x080057e2   0x00000002   PAD
    0x080057e4   0x000001d8   Code   RO          866    i.vFingerTask       finger.o
    0x080059bc   0x00000040   Code   RO          919    i.vKeyTask          display_task.o
    0x080059fc   0x0000001a   Code   RO         3561    i.vListInitialise   list.o
    0x08005a16   0x00000006   Code   RO         3562    i.vListInitialiseItem  list.o
    0x08005a1c   0x00000034   Code   RO         3563    i.vListInsert       list.o
    0x08005a50   0x00000018   Code   RO         3564    i.vListInsertEnd    list.o
    0x08005a68   0x00000016   Code   RO          227    i.vMainTask         app.o
    0x08005a7e   0x00000002   PAD
    0x08005a80   0x0000005c   Code   RO         4013    i.vPortEnterCritical  port.o
    0x08005adc   0x0000003c   Code   RO         4014    i.vPortExitCritical  port.o
    0x08005b18   0x00000040   Code   RO         3972    i.vPortFree         heap_2.o
    0x08005b58   0x00000014   Code   RO         4015    i.vPortSetupTimerInterrupt  port.o
    0x08005b6c   0x0000009c   Code   RO          228    i.vStartTask        app.o
    0x08005c08   0x0000008c   Code   RO         3728    i.vTaskDelay        tasks.o
    0x08005c94   0x000000fc   Code   RO         3729    i.vTaskDelayUntil   tasks.o
    0x08005d90   0x000000e0   Code   RO         3730    i.vTaskDelete       tasks.o
    0x08005e70   0x00000094   Code   RO         3737    i.vTaskResume       tasks.o
    0x08005f04   0x00000070   Code   RO         3739    i.vTaskStartScheduler  tasks.o
    0x08005f74   0x000000e8   Code   RO         3740    i.vTaskSuspend      tasks.o
    0x0800605c   0x00000010   Code   RO         3741    i.vTaskSuspendAll   tasks.o
    0x0800606c   0x0000008c   Code   RO         3742    i.vTaskSwitchContext  tasks.o
    0x080060f8   0x00000070   Code   RO          920    i.vUiTask           display_task.o
    0x08006168   0x00000100   Code   RO         1108    i.writeRegInfoToFlash  flash_task.o
    0x08006268   0x000000a0   Code   RO         4018    i.xPortStartScheduler  port.o
    0x08006308   0x0000016c   Code   RO         3744    i.xTaskGenericCreate  tasks.o
    0x08006474   0x0000000c   Code   RO         3746    i.xTaskGetTickCount  tasks.o
    0x08006480   0x0000014c   Code   RO         3748    i.xTaskIncrementTick  tasks.o
    0x080065cc   0x00000104   Code   RO         3753    i.xTaskResumeAll    tasks.o
    0x080066d0   0x00036204   Data   RO          411    .constdata          oled.o
    0x0803c8d4   0x00000020   Data   RO         4283    Region$$Table       anon$$obj.o


    Execution Region RW_IRAM1 (Base: 0x20000000, Size: 0x000056a0, Max: 0x00020000, ABSOLUTE, COMPRESSED[0x0000002c])

    Base Addr    Size         Type   Attr      Idx    E Section Name        Object

    0x20000000   0x0000001c   Data   RW          229    .data               app.o
    0x2000001c   0x00000010   Data   RW          412    .data               oled.o
    0x2000002c   0x00000011   Data   RW          542    .data               com2server.o
    0x2000003d   0x00000003   PAD
    0x20000040   0x0000001c   Data   RW          675    .data               rtc.o
    0x2000005c   0x00000004   Data   RW          731    .data               rsing_i2c.o
    0x20000060   0x0000001c   Data   RW          868    .data               finger.o
    0x2000007c   0x00000042   Data   RW          921    .data               display_task.o
    0x200000be   0x00000002   PAD
    0x200000c0   0x00000008   Data   RW         1109    .data               flash_task.o
    0x200000c8   0x00000007   Data   RW         1142    .data               rsing_beep.o
    0x200000cf   0x00000001   PAD
    0x200000d0   0x00000003   Data   RW         1179    .data               default_task.o
    0x200000d3   0x00000010   Data   RW         2220    .data               stm32f2xx_rcc.o
    0x200000e3   0x00000001   PAD
    0x200000e4   0x00000038   Data   RW         3756    .data               tasks.o
    0x2000011c   0x00000018   Data   RW         3976    .data               heap_2.o
    0x20000134   0x0000000c   Data   RW         4019    .data               port.o
    0x20000140   0x00000014   Data   RW         4083    .data               system_stm32f2xx.o
    0x20000154   0x00000800   Zero   RW          410    .bss                oled.o
    0x20000954   0x00000088   Zero   RW          541    .bss                com2server.o
    0x200009dc   0x0000000c   Zero   RW          674    .bss                rtc.o
    0x200009e8   0x00000190   Zero   RW          867    .bss                finger.o
    0x20000b78   0x000000c8   Zero   RW         3755    .bss                tasks.o
    0x20000c40   0x00004400   Zero   RW         3975    .bss                heap_2.o
    0x20005040   0x00000060   Zero   RW         4158    .bss                c_w.l(libspace.o)
    0x200050a0   0x00000200   Zero   RW         4113    HEAP                startup_stm32f2xx.o
    0x200052a0   0x00000400   Zero   RW         4112    STACK               startup_stm32f2xx.o


==============================================================================

Image component sizes


      Code (inc. data)   RO Data    RW Data    ZI Data      Debug   Object Name

       262         70          0         28          0      12715   app.o
       202         10          0          0          0       1684   base_fun.o
       160         14          0          0          0       1624   bsp.o
      2614        234          0         17        136      11546   com2server.o
       112         32          0          3          0        772   default_task.o
      9256       1726          0         66          0      21694   display_task.o
         0          0          0          0          0       7812   event_groups.o
       472         88          0         28        400       2292   finger.o
       408         48          0          8          0       1453   flash_task.o
       304         40          0         24      17408       3523   heap_2.o
       148          0          0          0          0       3018   list.o
        48         10          0          0          0     289595   main.o
       140         24          0          0          0       1675   misc.o
      1844         72     221700         16       2048      11086   oled.o
       642         64          0         12          0       7364   port.o
       140         40          0          7          0       1358   rsing_beep.o
       996         42          0          4          0       6829   rsing_i2c.o
       558         46          0         28         12       2695   rtc.o
        64         26        388          0       1536        896   startup_stm32f2xx.o
       542         40          0          0          0       3987   stm32f2xx_dma.o
       160         12          0          0          0       1641   stm32f2xx_exti.o
       390         42          0          0          0       4673   stm32f2xx_flash.o
       240          0          0          0          0       3695   stm32f2xx_gpio.o
        20          0          0          0          0       2477   stm32f2xx_it.o
        48         16          0          0          0       1711   stm32f2xx_pwr.o
       540         66          0         16          0       7571   stm32f2xx_rcc.o
      1254         88          0          0          0      11808   stm32f2xx_rtc.o
        34          0          0          0          0       1370   stm32f2xx_tim.o
       538         32          0          0          0       4998   stm32f2xx_usart.o
       488         52          0         20          0       2325   system_stm32f2xx.o
      2864        392          0         56        200      17909   tasks.o

    ----------------------------------------------------------------------
     25524       3326     222120        340      21740     453796   Object Totals
         0          0         32          0          0          0   (incl. Generated)
        36          0          0          7          0          0   (incl. Padding)

    ----------------------------------------------------------------------

      Code (inc. data)   RO Data    RW Data    ZI Data      Debug   Library Member Name

        90          0          0          0          0          0   __dczerorl2.o
         8          0          0          0          0         68   __main.o
         0          0          0          0          0          0   __rtentry.o
        12          0          0          0          0          0   __rtentry2.o
         6          0          0          0          0          0   __rtentry4.o
        52          8          0          0          0          0   __scatter.o
        28          0          0          0          0          0   __scatter_zi.o
        12          0          0          0          0         72   exit.o
         6          0          0          0          0        152   heapauxi.o
         0          0          0          0          0          0   indicate_semi.o
         2          0          0          0          0          0   libinit.o
         2          0          0          0          0          0   libinit2.o
         2          0          0          0          0          0   libshutdown.o
         2          0          0          0          0          0   libshutdown2.o
         8          4          0          0         96         68   libspace.o
         2          0          0          0          0          0   rtexit.o
        10          0          0          0          0          0   rtexit2.o
        72          0          0          0          0         80   strcpy.o
        12          4          0          0          0         68   sys_exit.o
        74          0          0          0          0         80   sys_stackheap_outer.o
         2          0          0          0          0         68   use_no_semi.o

    ----------------------------------------------------------------------
       408         16          0          0         96        656   Library Totals
         6          0          0          0          0          0   (incl. Padding)

    ----------------------------------------------------------------------

      Code (inc. data)   RO Data    RW Data    ZI Data      Debug   Library Name

       402         16          0          0         96        656   c_w.l

    ----------------------------------------------------------------------
       408         16          0          0         96        656   Library Totals

    ----------------------------------------------------------------------

==============================================================================


      Code (inc. data)   RO Data    RW Data    ZI Data      Debug   

     25932       3342     222120        340      21836     444932   Grand Totals
     25932       3342     222120         44      21836     444932   ELF Image Totals (compressed)
     25932       3342     222120         44          0          0   ROM Totals

==============================================================================

    Total RO  Size (Code + RO Data)               248052 ( 242.24kB)
    Total RW  Size (RW Data + ZI Data)             22176 (  21.66kB)
    Total ROM Size (Code + RO Data + RW Data)     248096 ( 242.28kB)

==============================================================================

