<html>
<body>
<pre>
<h1>µVision Build Log</h1>
<h2>Tool Versions:</h2>
IDE-Version: ¦ÌVision V5.14.0.0
Copyright (C) 2015 ARM Ltd and ARM Germany GmbH. All rights reserved.
License Information: 1 1, 1, LIC=BL2VE-5AVGI-QGW7I-TLJZP-WAZNS-BSDYI
 
Tool Versions:
Toolchain:       MDK-ARM Professional  Version: 5.14.0.0
Toolchain Path:  E:\Program Files (x86)\keil5\ARM\ARMCC\Bin
C Compiler:      Armcc.exe V5.05 update 1 (build 106)
Assembler:       Armasm.exe V5.05 update 1 (build 106)
Linker/Locator:  ArmLink.exe V5.05 update 1 (build 106)
Library Manager: ArmAr.exe V5.05 update 1 (build 106)
Hex Converter:   FromElf.exe V5.05 update 1 (build 106)
CPU DLL:         SARMCM3.DLL V5.14.0.0
Dialog DLL:      DCM.DLL V1.13.1.0
Target DLL:      Segger\JL2CM3.dll V2.99.13.0
Dialog DLL:      TCM.DLL V1.14.4.0
 
<h2>Project:</h2>
E:\Ö¸¾²ÂöËø\STM32F407-DEMO_FreeRTOS\Project\MDK-ARM\Project.uvprojx
Project File Date:  01/17/2017

<h2>Output:</h2>
Build target 'Unify'
compiling display_task.c...
..\..\Bsp\display_task.c(137): warning:  #68-D: integer conversion resulted in a change of sign
        return -1;
..\..\Bsp\display_task.c(172): warning:  #68-D: integer conversion resulted in a change of sign
        return -1;
..\..\Bsp\display_task.c(1013): warning:  #940-D: missing return statement at end of non-void function "member_finger_info_add"
  }
..\..\Bsp\display_task.c(1055): warning:  #177-D: variable "i" was declared but never referenced
        u8 i = 0;
..\..\Bsp\display_task.c(1216): warning:  #167-D: argument of type "u8 *" is incompatible with parameter of type "char *restrict"
                                        strcpy(passport_set_first_time, passportInput);
..\..\Bsp\display_task.c(1216): warning:  #167-D: argument of type "u8 *" is incompatible with parameter of type "const char *restrict"
                                        strcpy(passport_set_first_time, passportInput);
..\..\Bsp\display_task.c(1226): warning:  #167-D: argument of type "u8 *" is incompatible with parameter of type "char *restrict"
                                        strcpy(passport_set_second_time, passportInput);
..\..\Bsp\display_task.c(1226): warning:  #167-D: argument of type "u8 *" is incompatible with parameter of type "const char *restrict"
                                        strcpy(passport_set_second_time, passportInput);
..\..\Bsp\display_task.c(1265): warning:  #940-D: missing return statement at end of non-void function "modify_passport"
  }
..\..\Bsp\display_task.c(1452): warning:  #940-D: missing return statement at end of non-void function "modify_finger_info"
  }
..\..\Bsp\display_task.c(1737): warning:  #111-D: statement is unreachable
                                return 0;
..\..\Bsp\display_task.c(1741): warning:  #111-D: statement is unreachable
        return 1;
..\..\Bsp\display_task.c(1794): warning:  #177-D: variable "count" was declared but never referenced
        u8 count = 0;
..\..\Bsp\display_task.c: 13 warnings, 0 errors
linking...
Program Size: Code=25932 RO-data=222120 RW-data=340 ZI-data=21836  
".\Objects\Project.axf" - 0 Error(s), 13 Warning(s).

<h2>Collection of Component include folders:</h2>
  E:\Ö¸¾²ÂöËø\STM32F407-DEMO_FreeRTOS\Project\MDK-ARM\RTE
  E:\Program Files (x86)\keil5\ARM\PACK\Keil\STM32F2xx_DFP\2.6.0

<h2>Collection of Component Files used:</h2>
</pre>
</body>
</html>
